=== JOB 1: thymio sensor, 10 agents ===
Fr 4. Sep 21:02:03 CEST 2026
🚀 stages=['follow_gradient_no_gate', 'gate_passing'], sensor_mode=thymio, popsize=30, maxiter=100, n_agents=10, n_repeats=3, workers=22

======================================================================
🧬 STAGE: follow_gradient_no_gate  ({'sensor_mode': 'thymio', 'n_agents': 10, 'n_repeats': 3, 'max_battery': None, 'min_battery': None, 'nx': None, 'ny': None, 'use_battery_sensor': True, 'wind_enabled': False, 'gradient_map_path': None, 'freq_choices': (2.0, 4.0, 6.0), 'gate_enabled': False, 'finish_x_choices': (-2.5, -3.5, -4.5), 'gate_opening_width': 1.0})
======================================================================
(15_w,30)-aCMA-ES (mu_w=8.6,w_1=20%) in dimension 880 (seed=637153, Fri Sep  4 21:02:04 2026)
✅ Gen 001/100 | Best Loss (neg eff): -35.4550 | 9.8s
✅ Gen 002/100 | Best Loss (neg eff): -42.0883 | 20.2s
✅ Gen 003/100 | Best Loss (neg eff): -41.3285 | 17.0s
✅ Gen 004/100 | Best Loss (neg eff): -57.5079 | 12.0s
✅ Gen 005/100 | Best Loss (neg eff): -101.0902 | 15.2s
✅ Gen 006/100 | Best Loss (neg eff): -119.7971 | 15.4s
✅ Gen 007/100 | Best Loss (neg eff): -123.5222 | 12.5s
✅ Gen 008/100 | Best Loss (neg eff): -164.1174 | 16.6s
✅ Gen 009/100 | Best Loss (neg eff): -170.7178 | 13.1s
✅ Gen 010/100 | Best Loss (neg eff): -168.7515 | 10.7s
✅ Gen 011/100 | Best Loss (neg eff): -159.4006 | 16.0s
✅ Gen 012/100 | Best Loss (neg eff): -164.2997 | 11.9s
✅ Gen 013/100 | Best Loss (neg eff): -164.3525 | 13.1s
✅ Gen 014/100 | Best Loss (neg eff): -172.4451 | 14.2s
✅ Gen 015/100 | Best Loss (neg eff): -167.0809 | 10.6s
✅ Gen 016/100 | Best Loss (neg eff): -157.0694 | 16.7s
✅ Gen 017/100 | Best Loss (neg eff): -170.4675 | 13.4s
✅ Gen 018/100 | Best Loss (neg eff): -163.5872 | 10.5s
✅ Gen 019/100 | Best Loss (neg eff): -158.6281 | 14.7s
✅ Gen 020/100 | Best Loss (neg eff): -169.0362 | 11.4s
✅ Gen 021/100 | Best Loss (neg eff): -175.2144 | 13.3s
✅ Gen 022/100 | Best Loss (neg eff): -164.8618 | 15.0s
✅ Gen 023/100 | Best Loss (neg eff): -162.8578 | 10.1s
✅ Gen 024/100 | Best Loss (neg eff): -159.3279 | 11.1s
✅ Gen 025/100 | Best Loss (neg eff): -159.4902 | 15.5s
✅ Gen 026/100 | Best Loss (neg eff): -165.6371 | 10.8s
✅ Gen 027/100 | Best Loss (neg eff): -157.1320 | 10.1s
✅ Gen 028/100 | Best Loss (neg eff): -188.3172 | 15.7s
✅ Gen 029/100 | Best Loss (neg eff): -166.9374 | 10.8s
✅ Gen 030/100 | Best Loss (neg eff): -173.3872 | 9.8s
✅ Gen 031/100 | Best Loss (neg eff): -160.5413 | 15.7s
✅ Gen 032/100 | Best Loss (neg eff): -178.0132 | 10.4s
✅ Gen 033/100 | Best Loss (neg eff): -178.2883 | 11.5s
✅ Gen 034/100 | Best Loss (neg eff): -156.3112 | 13.4s
✅ Gen 035/100 | Best Loss (neg eff): -177.1771 | 10.0s
✅ Gen 036/100 | Best Loss (neg eff): -176.7770 | 16.6s
✅ Gen 037/100 | Best Loss (neg eff): -176.3906 | 11.0s
✅ Gen 038/100 | Best Loss (neg eff): -186.0272 | 9.6s
✅ Gen 039/100 | Best Loss (neg eff): -174.5260 | 14.2s
✅ Gen 040/100 | Best Loss (neg eff): -186.0444 | 14.2s
✅ Gen 041/100 | Best Loss (neg eff): -170.3759 | 10.4s
✅ Gen 042/100 | Best Loss (neg eff): -175.0043 | 10.9s
✅ Gen 043/100 | Best Loss (neg eff): -177.8104 | 12.7s
✅ Gen 044/100 | Best Loss (neg eff): -182.7608 | 15.8s
✅ Gen 045/100 | Best Loss (neg eff): -186.1945 | 9.9s
✅ Gen 046/100 | Best Loss (neg eff): -173.8145 | 9.5s
✅ Gen 047/100 | Best Loss (neg eff): -192.1935 | 12.2s
✅ Gen 048/100 | Best Loss (neg eff): -188.9344 | 13.9s
✅ Gen 049/100 | Best Loss (neg eff): -174.7988 | 12.2s
✅ Gen 050/100 | Best Loss (neg eff): -184.2325 | 9.7s
✅ Gen 051/100 | Best Loss (neg eff): -183.3732 | 10.9s
✅ Gen 052/100 | Best Loss (neg eff): -187.3066 | 16.1s
✅ Gen 053/100 | Best Loss (neg eff): -190.0311 | 10.0s
✅ Gen 054/100 | Best Loss (neg eff): -175.5493 | 10.0s
✅ Gen 055/100 | Best Loss (neg eff): -187.7285 | 15.6s
✅ Gen 056/100 | Best Loss (neg eff): -175.0445 | 10.4s
✅ Gen 057/100 | Best Loss (neg eff): -188.9052 | 9.4s
✅ Gen 058/100 | Best Loss (neg eff): -179.7843 | 10.7s
✅ Gen 059/100 | Best Loss (neg eff): -188.4499 | 13.4s
✅ Gen 060/100 | Best Loss (neg eff): -190.0053 | 12.3s
✅ Gen 061/100 | Best Loss (neg eff): -193.3817 | 9.6s
✅ Gen 062/100 | Best Loss (neg eff): -188.4870 | 9.0s
✅ Gen 063/100 | Best Loss (neg eff): -197.1718 | 11.8s
✅ Gen 064/100 | Best Loss (neg eff): -173.7314 | 12.5s
✅ Gen 065/100 | Best Loss (neg eff): -180.8146 | 8.9s
✅ Gen 066/100 | Best Loss (neg eff): -171.7707 | 10.4s
✅ Gen 067/100 | Best Loss (neg eff): -166.0486 | 10.8s
✅ Gen 068/100 | Best Loss (neg eff): -173.5794 | 12.4s
✅ Gen 069/100 | Best Loss (neg eff): -180.7307 | 9.7s
✅ Gen 070/100 | Best Loss (neg eff): -190.0822 | 8.0s
✅ Gen 071/100 | Best Loss (neg eff): -174.0777 | 7.9s
✅ Gen 072/100 | Best Loss (neg eff): -173.9516 | 12.4s
✅ Gen 073/100 | Best Loss (neg eff): -178.4759 | 10.3s
✅ Gen 074/100 | Best Loss (neg eff): -178.1790 | 8.1s
✅ Gen 075/100 | Best Loss (neg eff): -182.2032 | 7.9s
✅ Gen 076/100 | Best Loss (neg eff): -177.2152 | 10.4s
✅ Gen 077/100 | Best Loss (neg eff): -186.3815 | 12.9s
✅ Gen 078/100 | Best Loss (neg eff): -180.1835 | 8.7s
✅ Gen 079/100 | Best Loss (neg eff): -178.6638 | 8.7s
✅ Gen 080/100 | Best Loss (neg eff): -182.9890 | 13.5s
✅ Gen 081/100 | Best Loss (neg eff): -183.6482 | 9.2s
✅ Gen 082/100 | Best Loss (neg eff): -169.5573 | 8.4s
✅ Gen 083/100 | Best Loss (neg eff): -193.7593 | 10.1s
✅ Gen 084/100 | Best Loss (neg eff): -186.3966 | 13.2s
✅ Gen 085/100 | Best Loss (neg eff): -187.2978 | 9.3s
✅ Gen 086/100 | Best Loss (neg eff): -171.0137 | 8.2s
✅ Gen 087/100 | Best Loss (neg eff): -169.6559 | 10.6s
✅ Gen 088/100 | Best Loss (neg eff): -176.2608 | 12.0s
✅ Gen 089/100 | Best Loss (neg eff): -173.7659 | 8.4s
✅ Gen 090/100 | Best Loss (neg eff): -174.1560 | 10.9s
✅ Gen 091/100 | Best Loss (neg eff): -181.7997 | 15.1s
✅ Gen 092/100 | Best Loss (neg eff): -198.3486 | 9.1s
✅ Gen 093/100 | Best Loss (neg eff): -189.9392 | 9.2s
✅ Gen 094/100 | Best Loss (neg eff): -183.1196 | 10.9s
✅ Gen 095/100 | Best Loss (neg eff): -187.2872 | 14.6s
✅ Gen 096/100 | Best Loss (neg eff): -182.6142 | 10.0s
✅ Gen 097/100 | Best Loss (neg eff): -178.0080 | 9.0s
✅ Gen 098/100 | Best Loss (neg eff): -200.5419 | 9.5s
✅ Gen 099/100 | Best Loss (neg eff): -185.0600 | 14.1s
✅ Gen 100/100 | Best Loss (neg eff): -175.3593 | 11.1s
   (stage wall-clock: 1176.2s)
💾 Stage 'follow_gradient_no_gate' complete. Best efficiency: 200.5419. Saved hebbian_follow_gradient_no_gate_thymio_best.npy

======================================================================
🧬 STAGE: gate_passing  ({'sensor_mode': 'thymio', 'n_agents': 10, 'n_repeats': 3, 'max_battery': None, 'min_battery': None, 'nx': None, 'ny': None, 'use_battery_sensor': True, 'wind_enabled': False, 'gradient_map_path': None, 'freq_choices': (2.0, 4.0, 6.0), 'gate_enabled': True, 'finish_x_choices': (-2.5, -3.5, -4.5), 'gate_opening_width': 1.0})
======================================================================
(15_w,30)-aCMA-ES (mu_w=8.6,w_1=20%) in dimension 880 (seed=667884, Fri Sep  4 21:21:40 2026)
