=== waiting for current job (thymio_n10 + quadrant_n10) to finish ===
Fr 4. Sep 21:19:13 CEST 2026
=== [relaunched with --workers 15 to leave headroom for interactive/other use] waiting for current job to finish ===
Fr 4. Sep 21:21:06 CEST 2026
=== current job finished, starting sweep ===
Fr 4. Sep 21:55:23 CEST 2026
=== SWEEP RUN: n_agents_5 ===
Fr 4. Sep 21:55:23 CEST 2026
🚀 stages=['follow_gradient_no_gate', 'gate_passing'], sensor_mode=quadrant, popsize=30, maxiter=100, n_agents=5, n_repeats=3, workers=15

======================================================================
🧬 STAGE: follow_gradient_no_gate  ({'sensor_mode': 'quadrant', 'n_agents': 5, 'n_repeats': 3, 'max_battery': None, 'min_battery': None, 'nx': None, 'ny': None, 'use_battery_sensor': True, 'wind_enabled': False, 'gradient_map_path': None, 'freq_choices': (2.0, 4.0, 6.0), 'gate_enabled': False, 'n_gates': 1, 'finish_x_choices': (-2.5, -3.5, -4.5), 'gate_opening_width': 1.0, 'post_gate_distance': 1.5})
======================================================================
(15_w,30)-aCMA-ES (mu_w=8.6,w_1=20%) in dimension 920 (seed=604805, Fri Sep  4 21:55:24 2026)
✅ Gen 001/100 | Best Loss (neg eff): -57.5403 | 6.9s
✅ Gen 002/100 | Best Loss (neg eff): -73.3600 | 11.6s
✅ Gen 003/100 | Best Loss (neg eff): -77.7613 | 8.3s
✅ Gen 004/100 | Best Loss (neg eff): -111.2537 | 6.4s
✅ Gen 005/100 | Best Loss (neg eff): -130.0482 | 5.4s
✅ Gen 006/100 | Best Loss (neg eff): -153.9757 | 4.5s
✅ Gen 007/100 | Best Loss (neg eff): -165.3414 | 5.2s
✅ Gen 008/100 | Best Loss (neg eff): -165.7726 | 6.0s
✅ Gen 009/100 | Best Loss (neg eff): -163.6246 | 4.6s
✅ Gen 010/100 | Best Loss (neg eff): -156.5486 | 3.0s
✅ Gen 011/100 | Best Loss (neg eff): -163.0041 | 3.2s
✅ Gen 012/100 | Best Loss (neg eff): -169.4750 | 3.0s
✅ Gen 013/100 | Best Loss (neg eff): -164.0595 | 3.2s
✅ Gen 014/100 | Best Loss (neg eff): -161.6316 | 3.3s
✅ Gen 015/100 | Best Loss (neg eff): -177.0725 | 2.4s
✅ Gen 016/100 | Best Loss (neg eff): -164.4870 | 2.5s
✅ Gen 017/100 | Best Loss (neg eff): -173.3756 | 3.3s
✅ Gen 018/100 | Best Loss (neg eff): -179.0346 | 4.2s
✅ Gen 019/100 | Best Loss (neg eff): -174.1945 | 4.0s
✅ Gen 020/100 | Best Loss (neg eff): -175.0462 | 2.9s
✅ Gen 021/100 | Best Loss (neg eff): -168.2522 | 2.7s
✅ Gen 022/100 | Best Loss (neg eff): -190.9751 | 2.6s
✅ Gen 023/100 | Best Loss (neg eff): -169.2920 | 2.6s
✅ Gen 024/100 | Best Loss (neg eff): -169.9899 | 2.0s
✅ Gen 025/100 | Best Loss (neg eff): -175.0189 | 3.0s
✅ Gen 026/100 | Best Loss (neg eff): -176.8078 | 1.6s
✅ Gen 027/100 | Best Loss (neg eff): -169.9644 | 2.7s
✅ Gen 028/100 | Best Loss (neg eff): -175.9929 | 1.8s
✅ Gen 029/100 | Best Loss (neg eff): -182.3676 | 1.9s
✅ Gen 030/100 | Best Loss (neg eff): -185.4573 | 2.4s
✅ Gen 031/100 | Best Loss (neg eff): -174.6084 | 2.6s
✅ Gen 032/100 | Best Loss (neg eff): -168.5293 | 2.5s
✅ Gen 033/100 | Best Loss (neg eff): -170.9176 | 3.9s
✅ Gen 034/100 | Best Loss (neg eff): -186.3513 | 1.8s
✅ Gen 035/100 | Best Loss (neg eff): -193.3427 | 3.5s
✅ Gen 036/100 | Best Loss (neg eff): -171.7806 | 1.8s
✅ Gen 037/100 | Best Loss (neg eff): -171.1165 | 2.0s
✅ Gen 038/100 | Best Loss (neg eff): -186.9686 | 1.4s
✅ Gen 039/100 | Best Loss (neg eff): -190.4273 | 3.0s
✅ Gen 040/100 | Best Loss (neg eff): -184.1439 | 1.9s
✅ Gen 041/100 | Best Loss (neg eff): -182.0237 | 1.5s
✅ Gen 042/100 | Best Loss (neg eff): -177.1718 | 1.4s
✅ Gen 043/100 | Best Loss (neg eff): -181.3973 | 2.3s
✅ Gen 044/100 | Best Loss (neg eff): -190.4882 | 1.7s
✅ Gen 045/100 | Best Loss (neg eff): -186.5558 | 2.4s
✅ Gen 046/100 | Best Loss (neg eff): -174.3473 | 2.5s
✅ Gen 047/100 | Best Loss (neg eff): -177.8089 | 2.5s
✅ Gen 048/100 | Best Loss (neg eff): -195.9031 | 2.4s
✅ Gen 049/100 | Best Loss (neg eff): -174.9072 | 3.1s
✅ Gen 050/100 | Best Loss (neg eff): -182.2424 | 2.2s
✅ Gen 051/100 | Best Loss (neg eff): -192.0104 | 2.1s
✅ Gen 052/100 | Best Loss (neg eff): -184.9549 | 2.4s
✅ Gen 053/100 | Best Loss (neg eff): -177.5599 | 3.6s
✅ Gen 054/100 | Best Loss (neg eff): -172.5253 | 3.2s
✅ Gen 055/100 | Best Loss (neg eff): -180.3761 | 3.2s
✅ Gen 056/100 | Best Loss (neg eff): -186.3937 | 1.5s
✅ Gen 057/100 | Best Loss (neg eff): -181.7179 | 1.6s
✅ Gen 058/100 | Best Loss (neg eff): -162.9014 | 2.5s
✅ Gen 059/100 | Best Loss (neg eff): -183.6214 | 2.3s
✅ Gen 060/100 | Best Loss (neg eff): -173.8430 | 1.8s
✅ Gen 061/100 | Best Loss (neg eff): -182.3389 | 1.6s
✅ Gen 062/100 | Best Loss (neg eff): -190.5331 | 2.1s
✅ Gen 063/100 | Best Loss (neg eff): -182.8939 | 1.5s
✅ Gen 064/100 | Best Loss (neg eff): -189.4529 | 1.4s
✅ Gen 065/100 | Best Loss (neg eff): -178.2973 | 1.5s
✅ Gen 066/100 | Best Loss (neg eff): -191.6388 | 2.1s
✅ Gen 067/100 | Best Loss (neg eff): -174.8001 | 3.3s
✅ Gen 068/100 | Best Loss (neg eff): -175.5955 | 2.2s
✅ Gen 069/100 | Best Loss (neg eff): -176.4786 | 2.6s
✅ Gen 070/100 | Best Loss (neg eff): -188.8122 | 2.6s
✅ Gen 071/100 | Best Loss (neg eff): -165.2436 | 2.3s
✅ Gen 072/100 | Best Loss (neg eff): -195.3505 | 1.6s
✅ Gen 073/100 | Best Loss (neg eff): -203.4939 | 1.7s
✅ Gen 074/100 | Best Loss (neg eff): -190.5321 | 2.1s
✅ Gen 075/100 | Best Loss (neg eff): -183.0392 | 2.3s
✅ Gen 076/100 | Best Loss (neg eff): -191.6597 | 2.4s
✅ Gen 077/100 | Best Loss (neg eff): -174.3978 | 3.5s
✅ Gen 078/100 | Best Loss (neg eff): -187.9228 | 2.7s
✅ Gen 079/100 | Best Loss (neg eff): -173.0670 | 2.0s
✅ Gen 080/100 | Best Loss (neg eff): -188.9982 | 2.7s
✅ Gen 081/100 | Best Loss (neg eff): -196.0942 | 4.0s
✅ Gen 082/100 | Best Loss (neg eff): -186.9413 | 1.4s
✅ Gen 083/100 | Best Loss (neg eff): -179.4619 | 2.5s
✅ Gen 084/100 | Best Loss (neg eff): -188.0126 | 2.2s
✅ Gen 085/100 | Best Loss (neg eff): -183.9505 | 2.4s
✅ Gen 086/100 | Best Loss (neg eff): -184.9756 | 1.7s
✅ Gen 087/100 | Best Loss (neg eff): -173.0322 | 2.5s
✅ Gen 088/100 | Best Loss (neg eff): -178.7494 | 2.7s
✅ Gen 089/100 | Best Loss (neg eff): -179.7880 | 1.4s
✅ Gen 090/100 | Best Loss (neg eff): -173.9948 | 2.8s
✅ Gen 091/100 | Best Loss (neg eff): -189.2137 | 2.3s
✅ Gen 092/100 | Best Loss (neg eff): -185.6207 | 2.7s
✅ Gen 093/100 | Best Loss (neg eff): -177.9582 | 3.4s
✅ Gen 094/100 | Best Loss (neg eff): -174.4490 | 3.0s
✅ Gen 095/100 | Best Loss (neg eff): -185.2923 | 3.1s
✅ Gen 096/100 | Best Loss (neg eff): -178.3921 | 2.6s
✅ Gen 097/100 | Best Loss (neg eff): -185.9971 | 3.7s
✅ Gen 098/100 | Best Loss (neg eff): -186.9047 | 3.3s
✅ Gen 099/100 | Best Loss (neg eff): -185.9966 | 2.7s
✅ Gen 100/100 | Best Loss (neg eff): -171.8196 | 2.7s
   (stage wall-clock: 284.5s)
💾 Stage 'follow_gradient_no_gate' complete. Best efficiency: 203.4939. Saved hebbian_follow_gradient_no_gate_best.npy

======================================================================
🧬 STAGE: gate_passing  ({'sensor_mode': 'quadrant', 'n_agents': 5, 'n_repeats': 3, 'max_battery': None, 'min_battery': None, 'nx': None, 'ny': None, 'use_battery_sensor': True, 'wind_enabled': False, 'gradient_map_path': None, 'freq_choices': (2.0, 4.0, 6.0), 'gate_enabled': True, 'n_gates': 1, 'finish_x_choices': (-2.5, -3.5, -4.5), 'gate_opening_width': 1.0, 'post_gate_distance': 1.5})
======================================================================
(15_w,30)-aCMA-ES (mu_w=8.6,w_1=20%) in dimension 920 (seed=721713, Fri Sep  4 22:00:08 2026)
✅ Gen 001/100 | Best Loss (neg eff): -160.9027 | 3.9s
✅ Gen 002/100 | Best Loss (neg eff): -168.5947 | 4.2s
✅ Gen 003/100 | Best Loss (neg eff): -167.4828 | 4.0s
✅ Gen 004/100 | Best Loss (neg eff): -164.8632 | 3.3s
✅ Gen 005/100 | Best Loss (neg eff): -168.9049 | 3.7s
✅ Gen 006/100 | Best Loss (neg eff): -164.7494 | 3.6s
✅ Gen 007/100 | Best Loss (neg eff): -174.6987 | 6.6s
✅ Gen 008/100 | Best Loss (neg eff): -155.9201 | 5.1s
✅ Gen 009/100 | Best Loss (neg eff): -178.4064 | 6.7s
✅ Gen 010/100 | Best Loss (neg eff): -162.6275 | 3.9s
✅ Gen 011/100 | Best Loss (neg eff): -169.8908 | 3.7s
✅ Gen 012/100 | Best Loss (neg eff): -173.3151 | 4.1s
✅ Gen 013/100 | Best Loss (neg eff): -171.5805 | 4.2s
✅ Gen 014/100 | Best Loss (neg eff): -166.9643 | 3.9s
✅ Gen 015/100 | Best Loss (neg eff): -181.4116 | 4.3s
✅ Gen 016/100 | Best Loss (neg eff): -170.1717 | 3.8s
✅ Gen 017/100 | Best Loss (neg eff): -178.7162 | 5.0s
✅ Gen 018/100 | Best Loss (neg eff): -164.1991 | 3.3s
✅ Gen 019/100 | Best Loss (neg eff): -174.8834 | 4.8s
✅ Gen 020/100 | Best Loss (neg eff): -170.2057 | 4.5s
✅ Gen 021/100 | Best Loss (neg eff): -177.1086 | 3.8s
✅ Gen 022/100 | Best Loss (neg eff): -181.0349 | 4.6s
✅ Gen 023/100 | Best Loss (neg eff): -168.2363 | 3.6s
✅ Gen 024/100 | Best Loss (neg eff): -185.6802 | 4.5s
✅ Gen 025/100 | Best Loss (neg eff): -177.7931 | 4.6s
✅ Gen 026/100 | Best Loss (neg eff): -183.7863 | 6.3s
✅ Gen 027/100 | Best Loss (neg eff): -173.0927 | 6.8s
✅ Gen 028/100 | Best Loss (neg eff): -174.0051 | 6.3s
✅ Gen 029/100 | Best Loss (neg eff): -180.5361 | 4.2s
✅ Gen 030/100 | Best Loss (neg eff): -192.8770 | 3.9s
✅ Gen 031/100 | Best Loss (neg eff): -183.5424 | 4.6s
✅ Gen 032/100 | Best Loss (neg eff): -194.2457 | 4.4s
✅ Gen 033/100 | Best Loss (neg eff): -180.3933 | 4.4s
✅ Gen 034/100 | Best Loss (neg eff): -174.9339 | 4.3s
✅ Gen 035/100 | Best Loss (neg eff): -184.9042 | 4.9s
✅ Gen 036/100 | Best Loss (neg eff): -180.3946 | 6.0s
✅ Gen 037/100 | Best Loss (neg eff): -185.5750 | 6.4s
✅ Gen 038/100 | Best Loss (neg eff): -177.1257 | 3.9s
✅ Gen 039/100 | Best Loss (neg eff): -185.3477 | 4.1s
✅ Gen 040/100 | Best Loss (neg eff): -179.8410 | 3.9s
✅ Gen 041/100 | Best Loss (neg eff): -183.6643 | 5.0s
✅ Gen 042/100 | Best Loss (neg eff): -214.3071 | 4.8s
✅ Gen 043/100 | Best Loss (neg eff): -197.2693 | 5.2s
✅ Gen 044/100 | Best Loss (neg eff): -183.1468 | 6.2s
✅ Gen 045/100 | Best Loss (neg eff): -180.0163 | 5.4s
✅ Gen 046/100 | Best Loss (neg eff): -187.6827 | 3.9s
✅ Gen 047/100 | Best Loss (neg eff): -174.9032 | 4.6s
✅ Gen 048/100 | Best Loss (neg eff): -183.4115 | 4.1s
✅ Gen 049/100 | Best Loss (neg eff): -191.6293 | 3.6s
✅ Gen 050/100 | Best Loss (neg eff): -190.0863 | 4.6s
✅ Gen 051/100 | Best Loss (neg eff): -179.9242 | 6.0s
✅ Gen 052/100 | Best Loss (neg eff): -177.2990 | 6.8s
✅ Gen 053/100 | Best Loss (neg eff): -163.8896 | 4.9s
✅ Gen 054/100 | Best Loss (neg eff): -193.4153 | 5.2s
✅ Gen 055/100 | Best Loss (neg eff): -174.0342 | 5.1s
✅ Gen 056/100 | Best Loss (neg eff): -181.9072 | 4.2s
✅ Gen 057/100 | Best Loss (neg eff): -187.7123 | 4.0s
✅ Gen 058/100 | Best Loss (neg eff): -207.2213 | 7.5s
✅ Gen 059/100 | Best Loss (neg eff): -184.6702 | 5.3s
✅ Gen 060/100 | Best Loss (neg eff): -174.0552 | 6.9s
✅ Gen 061/100 | Best Loss (neg eff): -193.1496 | 5.7s
✅ Gen 062/100 | Best Loss (neg eff): -183.8088 | 5.4s
✅ Gen 063/100 | Best Loss (neg eff): -191.0410 | 4.7s
✅ Gen 064/100 | Best Loss (neg eff): -187.5376 | 4.2s
✅ Gen 065/100 | Best Loss (neg eff): -193.7407 | 3.6s
✅ Gen 066/100 | Best Loss (neg eff): -191.3062 | 4.0s
✅ Gen 067/100 | Best Loss (neg eff): -198.5949 | 4.7s
✅ Gen 068/100 | Best Loss (neg eff): -185.9213 | 4.4s
✅ Gen 069/100 | Best Loss (neg eff): -180.0727 | 6.5s
✅ Gen 070/100 | Best Loss (neg eff): -183.1215 | 6.7s
✅ Gen 071/100 | Best Loss (neg eff): -176.8079 | 4.9s
✅ Gen 072/100 | Best Loss (neg eff): -184.9972 | 4.2s
✅ Gen 073/100 | Best Loss (neg eff): -181.7872 | 4.4s
✅ Gen 074/100 | Best Loss (neg eff): -187.5132 | 4.3s
✅ Gen 075/100 | Best Loss (neg eff): -186.6649 | 3.8s
✅ Gen 076/100 | Best Loss (neg eff): -171.2731 | 4.6s
✅ Gen 077/100 | Best Loss (neg eff): -186.7083 | 3.9s
✅ Gen 078/100 | Best Loss (neg eff): -200.4188 | 6.2s
✅ Gen 079/100 | Best Loss (neg eff): -194.9648 | 6.2s
✅ Gen 080/100 | Best Loss (neg eff): -178.2332 | 5.0s
✅ Gen 081/100 | Best Loss (neg eff): -186.6399 | 3.7s
✅ Gen 082/100 | Best Loss (neg eff): -183.0342 | 3.7s
✅ Gen 083/100 | Best Loss (neg eff): -177.6341 | 3.9s
✅ Gen 084/100 | Best Loss (neg eff): -180.5017 | 4.4s
✅ Gen 085/100 | Best Loss (neg eff): -183.4252 | 4.5s
✅ Gen 086/100 | Best Loss (neg eff): -188.1459 | 5.7s
✅ Gen 087/100 | Best Loss (neg eff): -182.2772 | 5.0s
✅ Gen 088/100 | Best Loss (neg eff): -200.4320 | 5.6s
✅ Gen 089/100 | Best Loss (neg eff): -188.3587 | 4.5s
✅ Gen 090/100 | Best Loss (neg eff): -185.9899 | 3.2s
✅ Gen 091/100 | Best Loss (neg eff): -186.4836 | 3.3s
✅ Gen 092/100 | Best Loss (neg eff): -186.7792 | 4.3s
✅ Gen 093/100 | Best Loss (neg eff): -188.1877 | 4.1s
✅ Gen 094/100 | Best Loss (neg eff): -184.1435 | 3.9s
✅ Gen 095/100 | Best Loss (neg eff): -174.2900 | 4.5s
✅ Gen 096/100 | Best Loss (neg eff): -178.5527 | 6.4s
✅ Gen 097/100 | Best Loss (neg eff): -183.6519 | 4.5s
✅ Gen 098/100 | Best Loss (neg eff): -202.1584 | 3.9s
✅ Gen 099/100 | Best Loss (neg eff): -177.0345 | 3.4s
✅ Gen 100/100 | Best Loss (neg eff): -184.4851 | 3.3s
   (stage wall-clock: 469.3s)
💾 Stage 'gate_passing' complete. Best efficiency: 214.3071. Saved hebbian_gate_passing_best.npy

🎉 Staged training complete. Results in 'hebbian_results_gate/sweep_n_agents_5/'.
=== SWEEP RUN DONE: n_agents_5 ===
Fr 4. Sep 22:07:58 CEST 2026
=== SWEEP RUN: n_agents_15 ===
Fr 4. Sep 22:07:58 CEST 2026
🚀 stages=['follow_gradient_no_gate', 'gate_passing'], sensor_mode=quadrant, popsize=30, maxiter=100, n_agents=15, n_repeats=3, workers=15

======================================================================
🧬 STAGE: follow_gradient_no_gate  ({'sensor_mode': 'quadrant', 'n_agents': 15, 'n_repeats': 3, 'max_battery': None, 'min_battery': None, 'nx': None, 'ny': None, 'use_battery_sensor': True, 'wind_enabled': False, 'gradient_map_path': None, 'freq_choices': (2.0, 4.0, 6.0), 'gate_enabled': False, 'n_gates': 1, 'finish_x_choices': (-2.5, -3.5, -4.5), 'gate_opening_width': 1.0, 'post_gate_distance': 1.5})
======================================================================
(15_w,30)-aCMA-ES (mu_w=8.6,w_1=20%) in dimension 920 (seed=589133, Fri Sep  4 22:07:59 2026)
✅ Gen 001/100 | Best Loss (neg eff): -76.3861 | 13.0s
✅ Gen 002/100 | Best Loss (neg eff): -85.4992 | 17.4s
✅ Gen 003/100 | Best Loss (neg eff): -104.6894 | 11.3s
✅ Gen 004/100 | Best Loss (neg eff): -116.0408 | 8.1s
✅ Gen 005/100 | Best Loss (neg eff): -125.6452 | 7.2s
✅ Gen 006/100 | Best Loss (neg eff): -130.4814 | 11.7s
✅ Gen 007/100 | Best Loss (neg eff): -121.8696 | 11.8s
✅ Gen 008/100 | Best Loss (neg eff): -128.7799 | 7.2s
✅ Gen 009/100 | Best Loss (neg eff): -133.3133 | 6.8s
✅ Gen 010/100 | Best Loss (neg eff): -125.6230 | 6.3s
✅ Gen 011/100 | Best Loss (neg eff): -144.2888 | 6.6s
✅ Gen 012/100 | Best Loss (neg eff): -131.2912 | 9.8s
✅ Gen 013/100 | Best Loss (neg eff): -156.5263 | 8.7s
✅ Gen 014/100 | Best Loss (neg eff): -138.6786 | 5.8s
✅ Gen 015/100 | Best Loss (neg eff): -126.5285 | 6.3s
✅ Gen 016/100 | Best Loss (neg eff): -143.0216 | 6.7s
✅ Gen 017/100 | Best Loss (neg eff): -149.7878 | 9.9s
✅ Gen 018/100 | Best Loss (neg eff): -134.0924 | 11.1s
✅ Gen 019/100 | Best Loss (neg eff): -136.8343 | 7.5s
✅ Gen 020/100 | Best Loss (neg eff): -150.1571 | 6.7s
✅ Gen 021/100 | Best Loss (neg eff): -149.6031 | 6.5s
✅ Gen 022/100 | Best Loss (neg eff): -160.0548 | 7.6s
✅ Gen 023/100 | Best Loss (neg eff): -156.4638 | 9.9s
✅ Gen 024/100 | Best Loss (neg eff): -149.7492 | 9.6s
✅ Gen 025/100 | Best Loss (neg eff): -152.5244 | 7.3s
✅ Gen 026/100 | Best Loss (neg eff): -146.3435 | 5.5s
✅ Gen 027/100 | Best Loss (neg eff): -167.7529 | 5.5s
✅ Gen 028/100 | Best Loss (neg eff): -155.3674 | 6.4s
✅ Gen 029/100 | Best Loss (neg eff): -162.4349 | 6.1s
✅ Gen 030/100 | Best Loss (neg eff): -156.5416 | 6.2s
✅ Gen 031/100 | Best Loss (neg eff): -156.4290 | 11.3s
✅ Gen 032/100 | Best Loss (neg eff): -159.5748 | 8.6s
✅ Gen 033/100 | Best Loss (neg eff): -163.3204 | 6.8s
✅ Gen 034/100 | Best Loss (neg eff): -143.4674 | 6.5s
✅ Gen 035/100 | Best Loss (neg eff): -157.8963 | 7.4s
✅ Gen 036/100 | Best Loss (neg eff): -165.7266 | 7.5s
✅ Gen 037/100 | Best Loss (neg eff): -162.9858 | 11.8s
✅ Gen 038/100 | Best Loss (neg eff): -158.4757 | 9.7s
✅ Gen 039/100 | Best Loss (neg eff): -157.9649 | 6.8s
✅ Gen 040/100 | Best Loss (neg eff): -151.3470 | 6.1s
✅ Gen 041/100 | Best Loss (neg eff): -152.9056 | 7.0s
✅ Gen 042/100 | Best Loss (neg eff): -158.4885 | 8.7s
✅ Gen 043/100 | Best Loss (neg eff): -154.7384 | 9.0s
✅ Gen 044/100 | Best Loss (neg eff): -162.0826 | 7.5s
✅ Gen 045/100 | Best Loss (neg eff): -155.7503 | 6.6s
✅ Gen 046/100 | Best Loss (neg eff): -158.0549 | 7.3s
✅ Gen 047/100 | Best Loss (neg eff): -160.8242 | 7.7s
✅ Gen 048/100 | Best Loss (neg eff): -159.8991 | 9.4s
✅ Gen 049/100 | Best Loss (neg eff): -161.3365 | 6.2s
✅ Gen 050/100 | Best Loss (neg eff): -165.2539 | 6.1s
✅ Gen 051/100 | Best Loss (neg eff): -150.8274 | 6.0s
✅ Gen 052/100 | Best Loss (neg eff): -165.2960 | 8.2s
✅ Gen 053/100 | Best Loss (neg eff): -156.6589 | 10.9s
✅ Gen 054/100 | Best Loss (neg eff): -161.8458 | 5.9s
✅ Gen 055/100 | Best Loss (neg eff): -172.4631 | 5.5s
✅ Gen 056/100 | Best Loss (neg eff): -158.9101 | 5.9s
✅ Gen 057/100 | Best Loss (neg eff): -159.3952 | 6.5s
✅ Gen 058/100 | Best Loss (neg eff): -161.5926 | 5.4s
✅ Gen 059/100 | Best Loss (neg eff): -160.2135 | 9.2s
✅ Gen 060/100 | Best Loss (neg eff): -165.0236 | 10.4s
✅ Gen 061/100 | Best Loss (neg eff): -165.3419 | 7.0s
✅ Gen 062/100 | Best Loss (neg eff): -169.7154 | 6.5s
✅ Gen 063/100 | Best Loss (neg eff): -172.2912 | 5.8s
✅ Gen 064/100 | Best Loss (neg eff): -165.3129 | 6.2s
✅ Gen 065/100 | Best Loss (neg eff): -163.0498 | 6.7s
✅ Gen 066/100 | Best Loss (neg eff): -169.3304 | 8.1s
✅ Gen 067/100 | Best Loss (neg eff): -168.0688 | 6.1s
✅ Gen 068/100 | Best Loss (neg eff): -168.5599 | 4.6s
✅ Gen 069/100 | Best Loss (neg eff): -170.6764 | 4.7s
✅ Gen 070/100 | Best Loss (neg eff): -167.2245 | 4.4s
✅ Gen 071/100 | Best Loss (neg eff): -165.0818 | 4.6s
✅ Gen 072/100 | Best Loss (neg eff): -166.9553 | 4.6s
✅ Gen 073/100 | Best Loss (neg eff): -169.9172 | 6.4s
✅ Gen 074/100 | Best Loss (neg eff): -177.0658 | 7.2s
✅ Gen 075/100 | Best Loss (neg eff): -167.7509 | 5.6s
✅ Gen 076/100 | Best Loss (neg eff): -164.2901 | 5.3s
✅ Gen 077/100 | Best Loss (neg eff): -164.7682 | 6.5s
✅ Gen 078/100 | Best Loss (neg eff): -174.6113 | 6.4s
✅ Gen 079/100 | Best Loss (neg eff): -165.2169 | 6.9s
✅ Gen 080/100 | Best Loss (neg eff): -171.3898 | 11.4s
✅ Gen 081/100 | Best Loss (neg eff): -166.8439 | 7.2s
✅ Gen 082/100 | Best Loss (neg eff): -169.4385 | 6.2s
✅ Gen 083/100 | Best Loss (neg eff): -172.8285 | 6.4s
✅ Gen 084/100 | Best Loss (neg eff): -167.6097 | 5.4s
✅ Gen 085/100 | Best Loss (neg eff): -163.3007 | 7.5s
✅ Gen 086/100 | Best Loss (neg eff): -164.8033 | 11.5s
✅ Gen 087/100 | Best Loss (neg eff): -162.7109 | 6.6s
✅ Gen 088/100 | Best Loss (neg eff): -167.1864 | 4.8s
✅ Gen 089/100 | Best Loss (neg eff): -159.4123 | 4.6s
✅ Gen 090/100 | Best Loss (neg eff): -164.6076 | 4.8s
✅ Gen 091/100 | Best Loss (neg eff): -167.6148 | 4.8s
✅ Gen 092/100 | Best Loss (neg eff): -174.0157 | 5.2s
✅ Gen 093/100 | Best Loss (neg eff): -169.2048 | 6.7s
✅ Gen 094/100 | Best Loss (neg eff): -177.6844 | 7.7s
✅ Gen 095/100 | Best Loss (neg eff): -162.8869 | 5.0s
✅ Gen 096/100 | Best Loss (neg eff): -162.5151 | 5.0s
✅ Gen 097/100 | Best Loss (neg eff): -159.5811 | 5.3s
✅ Gen 098/100 | Best Loss (neg eff): -165.4456 | 4.9s
✅ Gen 099/100 | Best Loss (neg eff): -160.0553 | 6.1s
✅ Gen 100/100 | Best Loss (neg eff): -168.4379 | 8.4s
   (stage wall-clock: 731.1s)
💾 Stage 'follow_gradient_no_gate' complete. Best efficiency: 177.6844. Saved hebbian_follow_gradient_no_gate_best.npy

======================================================================
🧬 STAGE: gate_passing  ({'sensor_mode': 'quadrant', 'n_agents': 15, 'n_repeats': 3, 'max_battery': None, 'min_battery': None, 'nx': None, 'ny': None, 'use_battery_sensor': True, 'wind_enabled': False, 'gradient_map_path': None, 'freq_choices': (2.0, 4.0, 6.0), 'gate_enabled': True, 'n_gates': 1, 'finish_x_choices': (-2.5, -3.5, -4.5), 'gate_opening_width': 1.0, 'post_gate_distance': 1.5})
======================================================================
(15_w,30)-aCMA-ES (mu_w=8.6,w_1=20%) in dimension 920 (seed=609747, Fri Sep  4 22:20:10 2026)
✅ Gen 001/100 | Best Loss (neg eff): -184.3190 | 6.9s
✅ Gen 002/100 | Best Loss (neg eff): -162.5188 | 7.3s
✅ Gen 003/100 | Best Loss (neg eff): -176.1182 | 8.4s
✅ Gen 004/100 | Best Loss (neg eff): -177.4162 | 7.1s
✅ Gen 005/100 | Best Loss (neg eff): -170.0705 | 9.4s
✅ Gen 006/100 | Best Loss (neg eff): -183.5286 | 9.7s
✅ Gen 007/100 | Best Loss (neg eff): -164.2855 | 7.6s
✅ Gen 008/100 | Best Loss (neg eff): -180.0672 | 7.7s
✅ Gen 009/100 | Best Loss (neg eff): -176.4463 | 8.1s
✅ Gen 010/100 | Best Loss (neg eff): -167.4296 | 11.9s
✅ Gen 011/100 | Best Loss (neg eff): -183.9088 | 10.7s
✅ Gen 012/100 | Best Loss (neg eff): -169.4762 | 8.9s
✅ Gen 013/100 | Best Loss (neg eff): -174.6742 | 8.3s
✅ Gen 014/100 | Best Loss (neg eff): -161.0008 | 7.5s
✅ Gen 015/100 | Best Loss (neg eff): -175.6011 | 13.5s
✅ Gen 016/100 | Best Loss (neg eff): -162.8195 | 8.5s
✅ Gen 017/100 | Best Loss (neg eff): -178.9783 | 6.8s
✅ Gen 018/100 | Best Loss (neg eff): -165.9225 | 7.3s
✅ Gen 019/100 | Best Loss (neg eff): -161.8533 | 8.5s
✅ Gen 020/100 | Best Loss (neg eff): -169.8908 | 11.0s
✅ Gen 021/100 | Best Loss (neg eff): -174.9541 | 8.6s
✅ Gen 022/100 | Best Loss (neg eff): -175.6841 | 6.5s
✅ Gen 023/100 | Best Loss (neg eff): -172.2859 | 6.6s
✅ Gen 024/100 | Best Loss (neg eff): -178.7349 | 7.3s
✅ Gen 025/100 | Best Loss (neg eff): -170.5458 | 10.6s
✅ Gen 026/100 | Best Loss (neg eff): -201.0820 | 7.5s
✅ Gen 027/100 | Best Loss (neg eff): -164.7089 | 7.4s
✅ Gen 028/100 | Best Loss (neg eff): -177.1556 | 7.4s
✅ Gen 029/100 | Best Loss (neg eff): -176.3348 | 8.6s
✅ Gen 030/100 | Best Loss (neg eff): -175.7927 | 11.5s
✅ Gen 031/100 | Best Loss (neg eff): -162.7431 | 8.5s
✅ Gen 032/100 | Best Loss (neg eff): -164.8699 | 7.3s
✅ Gen 033/100 | Best Loss (neg eff): -171.7862 | 8.1s
✅ Gen 034/100 | Best Loss (neg eff): -168.2717 | 7.6s
✅ Gen 035/100 | Best Loss (neg eff): -168.3355 | 10.6s
✅ Gen 036/100 | Best Loss (neg eff): -171.9827 | 8.6s
✅ Gen 037/100 | Best Loss (neg eff): -177.8494 | 7.4s
✅ Gen 038/100 | Best Loss (neg eff): -175.1875 | 7.3s
✅ Gen 039/100 | Best Loss (neg eff): -175.6626 | 7.2s
✅ Gen 040/100 | Best Loss (neg eff): -172.4097 | 11.8s
✅ Gen 041/100 | Best Loss (neg eff): -171.3525 | 9.1s
✅ Gen 042/100 | Best Loss (neg eff): -172.1235 | 6.5s
✅ Gen 043/100 | Best Loss (neg eff): -168.7178 | 6.9s
✅ Gen 044/100 | Best Loss (neg eff): -170.1266 | 7.6s
✅ Gen 045/100 | Best Loss (neg eff): -177.0730 | 9.6s
✅ Gen 046/100 | Best Loss (neg eff): -167.2557 | 12.7s
✅ Gen 047/100 | Best Loss (neg eff): -181.6366 | 8.8s
✅ Gen 048/100 | Best Loss (neg eff): -172.4098 | 8.9s
✅ Gen 049/100 | Best Loss (neg eff): -172.9538 | 9.3s
✅ Gen 050/100 | Best Loss (neg eff): -171.1824 | 10.7s
✅ Gen 051/100 | Best Loss (neg eff): -182.3208 | 8.6s
✅ Gen 052/100 | Best Loss (neg eff): -178.2340 | 9.5s
✅ Gen 053/100 | Best Loss (neg eff): -174.3482 | 7.3s
✅ Gen 054/100 | Best Loss (neg eff): -174.6223 | 12.2s
✅ Gen 055/100 | Best Loss (neg eff): -180.5096 | 8.5s
✅ Gen 056/100 | Best Loss (neg eff): -178.1127 | 8.5s
✅ Gen 057/100 | Best Loss (neg eff): -178.6341 | 8.4s
✅ Gen 058/100 | Best Loss (neg eff): -172.0924 | 11.3s
✅ Gen 059/100 | Best Loss (neg eff): -180.6104 | 7.8s
✅ Gen 060/100 | Best Loss (neg eff): -168.8356 | 7.1s
✅ Gen 061/100 | Best Loss (neg eff): -180.1421 | 7.2s
✅ Gen 062/100 | Best Loss (neg eff): -184.0566 | 7.0s
✅ Gen 063/100 | Best Loss (neg eff): -170.9342 | 8.1s
✅ Gen 064/100 | Best Loss (neg eff): -182.6058 | 13.8s
✅ Gen 065/100 | Best Loss (neg eff): -172.3670 | 8.4s
✅ Gen 066/100 | Best Loss (neg eff): -173.0436 | 7.7s
✅ Gen 067/100 | Best Loss (neg eff): -173.8635 | 8.0s
✅ Gen 068/100 | Best Loss (neg eff): -191.1450 | 8.0s
✅ Gen 069/100 | Best Loss (neg eff): -170.9475 | 12.3s
✅ Gen 070/100 | Best Loss (neg eff): -179.8555 | 9.0s
✅ Gen 071/100 | Best Loss (neg eff): -173.1737 | 7.9s
✅ Gen 072/100 | Best Loss (neg eff): -180.4163 | 10.1s
✅ Gen 073/100 | Best Loss (neg eff): -185.7852 | 7.8s
✅ Gen 074/100 | Best Loss (neg eff): -184.0718 | 8.6s
✅ Gen 075/100 | Best Loss (neg eff): -180.0613 | 7.2s
✅ Gen 076/100 | Best Loss (neg eff): -183.2031 | 7.7s
✅ Gen 077/100 | Best Loss (neg eff): -188.8080 | 11.2s
✅ Gen 078/100 | Best Loss (neg eff): -192.1923 | 9.2s
✅ Gen 079/100 | Best Loss (neg eff): -179.2469 | 7.1s
✅ Gen 080/100 | Best Loss (neg eff): -179.5204 | 7.7s
✅ Gen 081/100 | Best Loss (neg eff): -188.8541 | 7.6s
✅ Gen 082/100 | Best Loss (neg eff): -181.7128 | 9.1s
✅ Gen 083/100 | Best Loss (neg eff): -174.9439 | 10.0s
✅ Gen 084/100 | Best Loss (neg eff): -178.5892 | 7.9s
✅ Gen 085/100 | Best Loss (neg eff): -184.1400 | 6.3s
✅ Gen 086/100 | Best Loss (neg eff): -189.8413 | 6.4s
✅ Gen 087/100 | Best Loss (neg eff): -180.9298 | 6.2s
✅ Gen 088/100 | Best Loss (neg eff): -180.8368 | 6.5s
✅ Gen 089/100 | Best Loss (neg eff): -173.6428 | 10.9s
✅ Gen 090/100 | Best Loss (neg eff): -170.3076 | 10.9s
✅ Gen 091/100 | Best Loss (neg eff): -186.6324 | 7.4s
✅ Gen 092/100 | Best Loss (neg eff): -178.3259 | 8.5s
✅ Gen 093/100 | Best Loss (neg eff): -177.5460 | 10.0s
✅ Gen 094/100 | Best Loss (neg eff): -177.0651 | 7.4s
✅ Gen 095/100 | Best Loss (neg eff): -186.5618 | 6.7s
✅ Gen 096/100 | Best Loss (neg eff): -178.0737 | 6.8s
✅ Gen 097/100 | Best Loss (neg eff): -182.4881 | 9.5s
✅ Gen 098/100 | Best Loss (neg eff): -182.2799 | 8.1s
✅ Gen 099/100 | Best Loss (neg eff): -174.4748 | 7.1s
✅ Gen 100/100 | Best Loss (neg eff): -179.0348 | 7.0s
   (stage wall-clock: 855.2s)
💾 Stage 'gate_passing' complete. Best efficiency: 201.0820. Saved hebbian_gate_passing_best.npy

🎉 Staged training complete. Results in 'hebbian_results_gate/sweep_n_agents_15/'.
=== SWEEP RUN DONE: n_agents_15 ===
Fr 4. Sep 22:34:25 CEST 2026
=== SWEEP RUN: n_agents_20 ===
Fr 4. Sep 22:34:25 CEST 2026
🚀 stages=['follow_gradient_no_gate', 'gate_passing'], sensor_mode=quadrant, popsize=30, maxiter=100, n_agents=20, n_repeats=3, workers=15

======================================================================
🧬 STAGE: follow_gradient_no_gate  ({'sensor_mode': 'quadrant', 'n_agents': 20, 'n_repeats': 3, 'max_battery': None, 'min_battery': None, 'nx': None, 'ny': None, 'use_battery_sensor': True, 'wind_enabled': False, 'gradient_map_path': None, 'freq_choices': (2.0, 4.0, 6.0), 'gate_enabled': False, 'n_gates': 1, 'finish_x_choices': (-2.5, -3.5, -4.5), 'gate_opening_width': 1.0, 'post_gate_distance': 1.5})
======================================================================
(15_w,30)-aCMA-ES (mu_w=8.6,w_1=20%) in dimension 920 (seed=640391, Fri Sep  4 22:34:26 2026)
✅ Gen 001/100 | Best Loss (neg eff): -22.1643 | 20.4s
✅ Gen 002/100 | Best Loss (neg eff): -88.3918 | 13.7s
✅ Gen 003/100 | Best Loss (neg eff): -108.2142 | 15.3s
✅ Gen 004/100 | Best Loss (neg eff): -116.5174 | 14.1s
✅ Gen 005/100 | Best Loss (neg eff): -118.9939 | 11.6s
✅ Gen 006/100 | Best Loss (neg eff): -118.4964 | 7.4s
✅ Gen 007/100 | Best Loss (neg eff): -120.7704 | 8.4s
✅ Gen 008/100 | Best Loss (neg eff): -119.2358 | 6.2s
✅ Gen 009/100 | Best Loss (neg eff): -127.8649 | 7.3s
✅ Gen 010/100 | Best Loss (neg eff): -131.1413 | 10.3s
✅ Gen 011/100 | Best Loss (neg eff): -150.1571 | 7.1s
✅ Gen 012/100 | Best Loss (neg eff): -131.1878 | 6.1s
✅ Gen 013/100 | Best Loss (neg eff): -145.9452 | 8.7s
✅ Gen 014/100 | Best Loss (neg eff): -146.2257 | 6.5s
✅ Gen 015/100 | Best Loss (neg eff): -152.6276 | 5.4s
✅ Gen 016/100 | Best Loss (neg eff): -154.6096 | 5.3s
✅ Gen 017/100 | Best Loss (neg eff): -160.1029 | 5.4s
✅ Gen 018/100 | Best Loss (neg eff): -155.2224 | 5.3s
✅ Gen 019/100 | Best Loss (neg eff): -151.6698 | 6.0s
✅ Gen 020/100 | Best Loss (neg eff): -146.7638 | 8.7s
✅ Gen 021/100 | Best Loss (neg eff): -170.3115 | 9.4s
✅ Gen 022/100 | Best Loss (neg eff): -162.1996 | 5.4s
✅ Gen 023/100 | Best Loss (neg eff): -163.3194 | 5.1s
✅ Gen 024/100 | Best Loss (neg eff): -158.2528 | 5.3s
✅ Gen 025/100 | Best Loss (neg eff): -163.2043 | 5.8s
✅ Gen 026/100 | Best Loss (neg eff): -169.6582 | 6.6s
✅ Gen 027/100 | Best Loss (neg eff): -166.4390 | 7.4s
✅ Gen 028/100 | Best Loss (neg eff): -159.5445 | 4.2s
✅ Gen 029/100 | Best Loss (neg eff): -153.3780 | 5.4s
✅ Gen 030/100 | Best Loss (neg eff): -158.6698 | 4.4s
✅ Gen 031/100 | Best Loss (neg eff): -164.2873 | 4.7s
✅ Gen 032/100 | Best Loss (neg eff): -172.5844 | 4.8s
✅ Gen 033/100 | Best Loss (neg eff): -159.6642 | 5.3s
✅ Gen 034/100 | Best Loss (neg eff): -159.3662 | 5.8s
✅ Gen 035/100 | Best Loss (neg eff): -172.3906 | 7.1s
✅ Gen 036/100 | Best Loss (neg eff): -174.0140 | 7.2s
✅ Gen 037/100 | Best Loss (neg eff): -177.2012 | 5.6s
✅ Gen 038/100 | Best Loss (neg eff): -163.6638 | 5.5s
✅ Gen 039/100 | Best Loss (neg eff): -168.6500 | 4.9s
✅ Gen 040/100 | Best Loss (neg eff): -169.9138 | 4.9s
✅ Gen 041/100 | Best Loss (neg eff): -170.6034 | 6.6s
✅ Gen 042/100 | Best Loss (neg eff): -178.8574 | 5.9s
✅ Gen 043/100 | Best Loss (neg eff): -174.3250 | 6.4s
✅ Gen 044/100 | Best Loss (neg eff): -171.0828 | 5.5s
✅ Gen 045/100 | Best Loss (neg eff): -182.9650 | 4.7s
✅ Gen 046/100 | Best Loss (neg eff): -169.5055 | 4.5s
✅ Gen 047/100 | Best Loss (neg eff): -182.3553 | 4.4s
✅ Gen 048/100 | Best Loss (neg eff): -189.9449 | 6.2s
✅ Gen 049/100 | Best Loss (neg eff): -177.3379 | 6.2s
✅ Gen 050/100 | Best Loss (neg eff): -177.3192 | 7.2s
✅ Gen 051/100 | Best Loss (neg eff): -176.8276 | 4.2s
✅ Gen 052/100 | Best Loss (neg eff): -187.9989 | 4.3s
✅ Gen 053/100 | Best Loss (neg eff): -177.6985 | 4.2s
✅ Gen 054/100 | Best Loss (neg eff): -198.2021 | 4.5s
✅ Gen 055/100 | Best Loss (neg eff): -188.3146 | 4.5s
✅ Gen 056/100 | Best Loss (neg eff): -177.7538 | 4.5s
✅ Gen 057/100 | Best Loss (neg eff): -197.1192 | 4.4s
✅ Gen 058/100 | Best Loss (neg eff): -181.3334 | 4.7s
✅ Gen 059/100 | Best Loss (neg eff): -180.4816 | 6.9s
✅ Gen 060/100 | Best Loss (neg eff): -190.4385 | 5.1s
✅ Gen 061/100 | Best Loss (neg eff): -186.3052 | 4.6s
✅ Gen 062/100 | Best Loss (neg eff): -192.6547 | 4.5s
✅ Gen 063/100 | Best Loss (neg eff): -187.2115 | 4.6s
✅ Gen 064/100 | Best Loss (neg eff): -200.4296 | 4.8s
✅ Gen 065/100 | Best Loss (neg eff): -191.5074 | 5.1s
✅ Gen 066/100 | Best Loss (neg eff): -198.6395 | 7.0s
✅ Gen 067/100 | Best Loss (neg eff): -187.8625 | 6.5s
✅ Gen 068/100 | Best Loss (neg eff): -191.2441 | 4.4s
✅ Gen 069/100 | Best Loss (neg eff): -195.0417 | 4.3s
✅ Gen 070/100 | Best Loss (neg eff): -187.4207 | 4.1s
✅ Gen 071/100 | Best Loss (neg eff): -197.7216 | 4.2s
✅ Gen 072/100 | Best Loss (neg eff): -192.4182 | 4.2s
✅ Gen 073/100 | Best Loss (neg eff): -202.1439 | 4.2s
✅ Gen 074/100 | Best Loss (neg eff): -196.6593 | 4.0s
✅ Gen 075/100 | Best Loss (neg eff): -200.2444 | 4.1s
✅ Gen 076/100 | Best Loss (neg eff): -200.4585 | 3.8s
✅ Gen 077/100 | Best Loss (neg eff): -192.3875 | 5.6s
✅ Gen 078/100 | Best Loss (neg eff): -196.4421 | 6.0s
✅ Gen 079/100 | Best Loss (neg eff): -195.2996 | 5.9s
✅ Gen 080/100 | Best Loss (neg eff): -201.4447 | 4.5s
✅ Gen 081/100 | Best Loss (neg eff): -200.1936 | 3.9s
✅ Gen 082/100 | Best Loss (neg eff): -199.0586 | 3.7s
✅ Gen 083/100 | Best Loss (neg eff): -196.0502 | 3.7s
✅ Gen 084/100 | Best Loss (neg eff): -207.7289 | 3.7s
✅ Gen 085/100 | Best Loss (neg eff): -195.4822 | 4.5s
✅ Gen 086/100 | Best Loss (neg eff): -191.3281 | 4.2s
✅ Gen 087/100 | Best Loss (neg eff): -199.2028 | 4.0s
✅ Gen 088/100 | Best Loss (neg eff): -194.9109 | 3.9s
✅ Gen 089/100 | Best Loss (neg eff): -199.9124 | 4.9s
✅ Gen 090/100 | Best Loss (neg eff): -207.4063 | 5.4s
✅ Gen 091/100 | Best Loss (neg eff): -215.6473 | 5.0s
✅ Gen 092/100 | Best Loss (neg eff): -202.9767 | 3.8s
✅ Gen 093/100 | Best Loss (neg eff): -193.4129 | 3.5s
✅ Gen 094/100 | Best Loss (neg eff): -204.6044 | 3.8s
✅ Gen 095/100 | Best Loss (neg eff): -209.4431 | 3.8s
✅ Gen 096/100 | Best Loss (neg eff): -203.6856 | 3.8s
✅ Gen 097/100 | Best Loss (neg eff): -192.6226 | 4.3s
✅ Gen 098/100 | Best Loss (neg eff): -194.8954 | 5.6s
✅ Gen 099/100 | Best Loss (neg eff): -207.2625 | 6.2s
✅ Gen 100/100 | Best Loss (neg eff): -193.8304 | 4.9s
   (stage wall-clock: 582.0s)
💾 Stage 'follow_gradient_no_gate' complete. Best efficiency: 215.6473. Saved hebbian_follow_gradient_no_gate_best.npy

======================================================================
🧬 STAGE: gate_passing  ({'sensor_mode': 'quadrant', 'n_agents': 20, 'n_repeats': 3, 'max_battery': None, 'min_battery': None, 'nx': None, 'ny': None, 'use_battery_sensor': True, 'wind_enabled': False, 'gradient_map_path': None, 'freq_choices': (2.0, 4.0, 6.0), 'gate_enabled': True, 'n_gates': 1, 'finish_x_choices': (-2.5, -3.5, -4.5), 'gate_opening_width': 1.0, 'post_gate_distance': 1.5})
======================================================================
(15_w,30)-aCMA-ES (mu_w=8.6,w_1=20%) in dimension 920 (seed=667246, Fri Sep  4 22:44:08 2026)
✅ Gen 001/100 | Best Loss (neg eff): -171.8830 | 9.1s
✅ Gen 002/100 | Best Loss (neg eff): -194.5792 | 7.8s
✅ Gen 003/100 | Best Loss (neg eff): -186.3689 | 10.1s
✅ Gen 004/100 | Best Loss (neg eff): -167.7389 | 9.3s
✅ Gen 005/100 | Best Loss (neg eff): -177.9083 | 9.5s
✅ Gen 006/100 | Best Loss (neg eff): -184.6985 | 9.8s
✅ Gen 007/100 | Best Loss (neg eff): -199.3827 | 10.5s
✅ Gen 008/100 | Best Loss (neg eff): -187.7598 | 14.3s
✅ Gen 009/100 | Best Loss (neg eff): -192.0583 | 10.1s
✅ Gen 010/100 | Best Loss (neg eff): -196.2915 | 10.9s
✅ Gen 011/100 | Best Loss (neg eff): -196.6923 | 10.5s
✅ Gen 012/100 | Best Loss (neg eff): -213.9127 | 16.0s
✅ Gen 013/100 | Best Loss (neg eff): -216.1343 | 12.7s
✅ Gen 014/100 | Best Loss (neg eff): -203.0492 | 12.2s
✅ Gen 015/100 | Best Loss (neg eff): -200.3891 | 17.1s
✅ Gen 016/100 | Best Loss (neg eff): -212.5141 | 16.2s
✅ Gen 017/100 | Best Loss (neg eff): -212.6336 | 14.1s
✅ Gen 018/100 | Best Loss (neg eff): -208.9384 | 14.9s
✅ Gen 019/100 | Best Loss (neg eff): -212.2310 | 11.9s
✅ Gen 020/100 | Best Loss (neg eff): -202.9721 | 13.0s
✅ Gen 021/100 | Best Loss (neg eff): -207.3021 | 14.0s
✅ Gen 022/100 | Best Loss (neg eff): -190.6966 | 11.4s
✅ Gen 023/100 | Best Loss (neg eff): -207.0928 | 12.8s
✅ Gen 024/100 | Best Loss (neg eff): -224.9195 | 13.0s
✅ Gen 025/100 | Best Loss (neg eff): -205.4965 | 12.2s
✅ Gen 026/100 | Best Loss (neg eff): -202.6647 | 11.4s
✅ Gen 027/100 | Best Loss (neg eff): -215.6603 | 12.5s
✅ Gen 028/100 | Best Loss (neg eff): -206.3137 | 13.5s
✅ Gen 029/100 | Best Loss (neg eff): -206.8958 | 10.8s
✅ Gen 030/100 | Best Loss (neg eff): -220.1264 | 11.3s
✅ Gen 031/100 | Best Loss (neg eff): -222.7305 | 17.6s
✅ Gen 032/100 | Best Loss (neg eff): -222.8608 | 12.4s
✅ Gen 033/100 | Best Loss (neg eff): -216.2216 | 10.6s
✅ Gen 034/100 | Best Loss (neg eff): -216.1665 | 10.2s
✅ Gen 035/100 | Best Loss (neg eff): -215.7380 | 11.9s
✅ Gen 036/100 | Best Loss (neg eff): -204.4251 | 14.5s
✅ Gen 037/100 | Best Loss (neg eff): -216.3569 | 10.7s
✅ Gen 038/100 | Best Loss (neg eff): -227.2102 | 10.7s
✅ Gen 039/100 | Best Loss (neg eff): -203.9367 | 11.9s
✅ Gen 040/100 | Best Loss (neg eff): -214.8267 | 14.2s
✅ Gen 041/100 | Best Loss (neg eff): -216.7193 | 10.7s
✅ Gen 042/100 | Best Loss (neg eff): -228.5103 | 13.9s
✅ Gen 043/100 | Best Loss (neg eff): -223.3269 | 13.4s
✅ Gen 044/100 | Best Loss (neg eff): -226.8877 | 9.9s
✅ Gen 045/100 | Best Loss (neg eff): -239.2839 | 10.0s
✅ Gen 046/100 | Best Loss (neg eff): -217.2176 | 10.2s
✅ Gen 047/100 | Best Loss (neg eff): -229.2285 | 15.3s
✅ Gen 048/100 | Best Loss (neg eff): -223.6274 | 9.7s
✅ Gen 049/100 | Best Loss (neg eff): -217.8900 | 10.0s
✅ Gen 050/100 | Best Loss (neg eff): -241.8727 | 9.8s
✅ Gen 051/100 | Best Loss (neg eff): -225.6846 | 9.5s
✅ Gen 052/100 | Best Loss (neg eff): -245.1145 | 14.3s
✅ Gen 053/100 | Best Loss (neg eff): -232.6211 | 11.8s
✅ Gen 054/100 | Best Loss (neg eff): -228.6042 | 8.9s
✅ Gen 055/100 | Best Loss (neg eff): -227.6814 | 9.8s
✅ Gen 056/100 | Best Loss (neg eff): -227.9640 | 12.9s
✅ Gen 057/100 | Best Loss (neg eff): -239.1315 | 9.3s
✅ Gen 058/100 | Best Loss (neg eff): -228.3145 | 14.3s
✅ Gen 059/100 | Best Loss (neg eff): -232.6270 | 10.1s
✅ Gen 060/100 | Best Loss (neg eff): -240.0246 | 9.3s
✅ Gen 061/100 | Best Loss (neg eff): -237.0046 | 13.7s
✅ Gen 062/100 | Best Loss (neg eff): -235.7169 | 9.8s
✅ Gen 063/100 | Best Loss (neg eff): -228.5337 | 9.4s
✅ Gen 064/100 | Best Loss (neg eff): -227.1125 | 9.7s
✅ Gen 065/100 | Best Loss (neg eff): -234.0046 | 13.6s
✅ Gen 066/100 | Best Loss (neg eff): -231.0131 | 9.8s
✅ Gen 067/100 | Best Loss (neg eff): -231.4835 | 9.6s
✅ Gen 068/100 | Best Loss (neg eff): -241.4968 | 9.3s
✅ Gen 069/100 | Best Loss (neg eff): -244.4119 | 14.2s
✅ Gen 070/100 | Best Loss (neg eff): -215.4838 | 9.5s
✅ Gen 071/100 | Best Loss (neg eff): -224.8683 | 9.2s
✅ Gen 072/100 | Best Loss (neg eff): -230.5858 | 10.1s
✅ Gen 073/100 | Best Loss (neg eff): -237.0251 | 11.2s
✅ Gen 074/100 | Best Loss (neg eff): -231.0788 | 10.1s
✅ Gen 075/100 | Best Loss (neg eff): -245.2332 | 8.7s
✅ Gen 076/100 | Best Loss (neg eff): -233.3728 | 8.6s
✅ Gen 077/100 | Best Loss (neg eff): -227.0495 | 9.8s
✅ Gen 078/100 | Best Loss (neg eff): -227.1699 | 10.1s
✅ Gen 079/100 | Best Loss (neg eff): -233.7861 | 10.1s
✅ Gen 080/100 | Best Loss (neg eff): -228.2112 | 9.6s
✅ Gen 081/100 | Best Loss (neg eff): -225.9113 | 12.5s
✅ Gen 082/100 | Best Loss (neg eff): -232.9800 | 8.5s
✅ Gen 083/100 | Best Loss (neg eff): -231.6008 | 9.9s
✅ Gen 084/100 | Best Loss (neg eff): -222.4777 | 12.8s
✅ Gen 085/100 | Best Loss (neg eff): -233.2406 | 10.6s
✅ Gen 086/100 | Best Loss (neg eff): -232.0600 | 8.8s
✅ Gen 087/100 | Best Loss (neg eff): -226.3534 | 9.3s
✅ Gen 088/100 | Best Loss (neg eff): -235.7576 | 8.8s
✅ Gen 089/100 | Best Loss (neg eff): -227.9600 | 10.9s
✅ Gen 090/100 | Best Loss (neg eff): -234.3330 | 12.4s
✅ Gen 091/100 | Best Loss (neg eff): -231.0781 | 8.7s
✅ Gen 092/100 | Best Loss (neg eff): -231.1688 | 8.4s
✅ Gen 093/100 | Best Loss (neg eff): -246.4420 | 8.5s
✅ Gen 094/100 | Best Loss (neg eff): -245.9109 | 11.1s
✅ Gen 095/100 | Best Loss (neg eff): -232.7966 | 9.5s
✅ Gen 096/100 | Best Loss (neg eff): -236.6396 | 8.4s
✅ Gen 097/100 | Best Loss (neg eff): -220.7364 | 8.4s
✅ Gen 098/100 | Best Loss (neg eff): -233.1470 | 12.5s
✅ Gen 099/100 | Best Loss (neg eff): -237.7307 | 9.7s
✅ Gen 100/100 | Best Loss (neg eff): -235.4298 | 8.9s
   (stage wall-clock: 1115.4s)
💾 Stage 'gate_passing' complete. Best efficiency: 246.4420. Saved hebbian_gate_passing_best.npy

🎉 Staged training complete. Results in 'hebbian_results_gate/sweep_n_agents_20/'.
=== SWEEP RUN DONE: n_agents_20 ===
Fr 4. Sep 23:02:43 CEST 2026
=== SWEEP RUN: n_gates_2 ===
Fr 4. Sep 23:02:43 CEST 2026
🚀 stages=['follow_gradient_no_gate', 'gate_passing'], sensor_mode=quadrant, popsize=30, maxiter=100, n_agents=10, n_repeats=3, workers=15

======================================================================
🧬 STAGE: follow_gradient_no_gate  ({'sensor_mode': 'quadrant', 'n_agents': 10, 'n_repeats': 3, 'max_battery': None, 'min_battery': None, 'nx': None, 'ny': None, 'use_battery_sensor': True, 'wind_enabled': False, 'gradient_map_path': None, 'freq_choices': (2.0, 4.0, 6.0), 'gate_enabled': False, 'n_gates': 2, 'finish_x_choices': (-2.5, -3.5, -4.5), 'gate_opening_width': 1.0, 'post_gate_distance': 1.5})
======================================================================
(15_w,30)-aCMA-ES (mu_w=8.6,w_1=20%) in dimension 920 (seed=741547, Fri Sep  4 23:02:44 2026)
✅ Gen 001/100 | Best Loss (neg eff): -42.7644 | 10.1s
✅ Gen 002/100 | Best Loss (neg eff): -48.6314 | 9.4s
✅ Gen 003/100 | Best Loss (neg eff): -65.3700 | 13.6s
✅ Gen 004/100 | Best Loss (neg eff): -101.6876 | 11.9s
✅ Gen 005/100 | Best Loss (neg eff): -105.9928 | 8.6s
✅ Gen 006/100 | Best Loss (neg eff): -133.5830 | 7.3s
✅ Gen 007/100 | Best Loss (neg eff): -122.1737 | 6.4s
✅ Gen 008/100 | Best Loss (neg eff): -126.6856 | 5.9s
✅ Gen 009/100 | Best Loss (neg eff): -139.6230 | 4.3s
✅ Gen 010/100 | Best Loss (neg eff): -144.7600 | 5.5s
✅ Gen 011/100 | Best Loss (neg eff): -140.3528 | 5.3s
✅ Gen 012/100 | Best Loss (neg eff): -139.5961 | 4.8s
✅ Gen 013/100 | Best Loss (neg eff): -141.5167 | 4.8s
✅ Gen 014/100 | Best Loss (neg eff): -155.3211 | 3.9s
✅ Gen 015/100 | Best Loss (neg eff): -152.0026 | 4.3s
✅ Gen 016/100 | Best Loss (neg eff): -165.1505 | 3.3s
✅ Gen 017/100 | Best Loss (neg eff): -161.6816 | 2.6s
✅ Gen 018/100 | Best Loss (neg eff): -155.8620 | 4.2s
✅ Gen 019/100 | Best Loss (neg eff): -154.6267 | 3.8s
✅ Gen 020/100 | Best Loss (neg eff): -157.7282 | 3.7s
✅ Gen 021/100 | Best Loss (neg eff): -154.7480 | 3.2s
✅ Gen 022/100 | Best Loss (neg eff): -157.7914 | 2.6s
✅ Gen 023/100 | Best Loss (neg eff): -169.6735 | 5.4s
✅ Gen 024/100 | Best Loss (neg eff): -177.7889 | 5.1s
✅ Gen 025/100 | Best Loss (neg eff): -170.2191 | 3.7s
✅ Gen 026/100 | Best Loss (neg eff): -162.4347 | 4.2s
✅ Gen 027/100 | Best Loss (neg eff): -162.3619 | 2.5s
✅ Gen 028/100 | Best Loss (neg eff): -179.4417 | 2.6s
✅ Gen 029/100 | Best Loss (neg eff): -167.4726 | 3.8s
✅ Gen 030/100 | Best Loss (neg eff): -175.3801 | 2.9s
✅ Gen 031/100 | Best Loss (neg eff): -162.0800 | 3.2s
✅ Gen 032/100 | Best Loss (neg eff): -179.9818 | 2.4s
✅ Gen 033/100 | Best Loss (neg eff): -172.7214 | 4.7s
✅ Gen 034/100 | Best Loss (neg eff): -170.9891 | 3.7s
✅ Gen 035/100 | Best Loss (neg eff): -166.3357 | 4.0s
✅ Gen 036/100 | Best Loss (neg eff): -168.2864 | 4.4s
✅ Gen 037/100 | Best Loss (neg eff): -175.2891 | 2.9s
✅ Gen 038/100 | Best Loss (neg eff): -180.1655 | 2.8s
✅ Gen 039/100 | Best Loss (neg eff): -179.8377 | 2.9s
✅ Gen 040/100 | Best Loss (neg eff): -176.0912 | 2.5s
✅ Gen 041/100 | Best Loss (neg eff): -173.7450 | 3.2s
✅ Gen 042/100 | Best Loss (neg eff): -179.4388 | 4.1s
✅ Gen 043/100 | Best Loss (neg eff): -163.9403 | 3.1s
✅ Gen 044/100 | Best Loss (neg eff): -180.3269 | 4.1s
✅ Gen 045/100 | Best Loss (neg eff): -175.5620 | 2.9s
✅ Gen 046/100 | Best Loss (neg eff): -182.6043 | 4.9s
✅ Gen 047/100 | Best Loss (neg eff): -174.3975 | 4.4s
✅ Gen 048/100 | Best Loss (neg eff): -171.8047 | 3.0s
✅ Gen 049/100 | Best Loss (neg eff): -167.6896 | 2.3s
✅ Gen 050/100 | Best Loss (neg eff): -180.0232 | 3.0s
✅ Gen 051/100 | Best Loss (neg eff): -174.7248 | 2.1s
✅ Gen 052/100 | Best Loss (neg eff): -171.1840 | 2.5s
✅ Gen 053/100 | Best Loss (neg eff): -169.2295 | 2.6s
✅ Gen 054/100 | Best Loss (neg eff): -175.5348 | 2.8s
✅ Gen 055/100 | Best Loss (neg eff): -178.7171 | 2.3s
✅ Gen 056/100 | Best Loss (neg eff): -179.5405 | 2.8s
✅ Gen 057/100 | Best Loss (neg eff): -179.7951 | 2.4s
✅ Gen 058/100 | Best Loss (neg eff): -178.1039 | 2.6s
✅ Gen 059/100 | Best Loss (neg eff): -191.4804 | 2.7s
✅ Gen 060/100 | Best Loss (neg eff): -197.3102 | 3.4s
✅ Gen 061/100 | Best Loss (neg eff): -180.8621 | 4.1s
✅ Gen 062/100 | Best Loss (neg eff): -180.6371 | 3.2s
✅ Gen 063/100 | Best Loss (neg eff): -178.4302 | 3.0s
✅ Gen 064/100 | Best Loss (neg eff): -179.2363 | 2.8s
✅ Gen 065/100 | Best Loss (neg eff): -191.0402 | 2.2s
✅ Gen 066/100 | Best Loss (neg eff): -181.3612 | 2.2s
✅ Gen 067/100 | Best Loss (neg eff): -178.3548 | 2.2s
✅ Gen 068/100 | Best Loss (neg eff): -180.5903 | 2.2s
✅ Gen 069/100 | Best Loss (neg eff): -189.5848 | 2.2s
✅ Gen 070/100 | Best Loss (neg eff): -188.3910 | 2.1s
✅ Gen 071/100 | Best Loss (neg eff): -187.2000 | 2.3s
✅ Gen 072/100 | Best Loss (neg eff): -181.0310 | 2.6s
✅ Gen 073/100 | Best Loss (neg eff): -181.5397 | 2.1s
✅ Gen 074/100 | Best Loss (neg eff): -180.6390 | 2.4s
✅ Gen 075/100 | Best Loss (neg eff): -195.2614 | 2.8s
✅ Gen 076/100 | Best Loss (neg eff): -195.2151 | 3.4s
✅ Gen 077/100 | Best Loss (neg eff): -192.3356 | 3.5s
✅ Gen 078/100 | Best Loss (neg eff): -192.4205 | 2.6s
✅ Gen 079/100 | Best Loss (neg eff): -174.2625 | 2.0s
✅ Gen 080/100 | Best Loss (neg eff): -184.4509 | 2.0s
✅ Gen 081/100 | Best Loss (neg eff): -199.9889 | 2.4s
✅ Gen 082/100 | Best Loss (neg eff): -190.7161 | 2.2s
✅ Gen 083/100 | Best Loss (neg eff): -188.3035 | 2.3s
✅ Gen 084/100 | Best Loss (neg eff): -189.7801 | 2.1s
✅ Gen 085/100 | Best Loss (neg eff): -205.9504 | 2.0s
✅ Gen 086/100 | Best Loss (neg eff): -170.7419 | 2.2s
✅ Gen 087/100 | Best Loss (neg eff): -186.9811 | 1.9s
✅ Gen 088/100 | Best Loss (neg eff): -188.3707 | 2.6s
✅ Gen 089/100 | Best Loss (neg eff): -199.5327 | 2.7s
✅ Gen 090/100 | Best Loss (neg eff): -197.0085 | 2.6s
✅ Gen 091/100 | Best Loss (neg eff): -190.9598 | 3.2s
✅ Gen 092/100 | Best Loss (neg eff): -194.1150 | 2.4s
✅ Gen 093/100 | Best Loss (neg eff): -192.8779 | 1.9s
✅ Gen 094/100 | Best Loss (neg eff): -200.2234 | 2.1s
✅ Gen 095/100 | Best Loss (neg eff): -190.0835 | 1.8s
✅ Gen 096/100 | Best Loss (neg eff): -196.5016 | 2.2s
✅ Gen 097/100 | Best Loss (neg eff): -203.6319 | 2.3s
✅ Gen 098/100 | Best Loss (neg eff): -194.9905 | 2.0s
✅ Gen 099/100 | Best Loss (neg eff): -208.2472 | 1.9s
✅ Gen 100/100 | Best Loss (neg eff): -193.0968 | 2.0s
   (stage wall-clock: 351.0s)
💾 Stage 'follow_gradient_no_gate' complete. Best efficiency: 208.2472. Saved hebbian_follow_gradient_no_gate_best.npy

======================================================================
🧬 STAGE: gate_passing  ({'sensor_mode': 'quadrant', 'n_agents': 10, 'n_repeats': 3, 'max_battery': None, 'min_battery': None, 'nx': None, 'ny': None, 'use_battery_sensor': True, 'wind_enabled': False, 'gradient_map_path': None, 'freq_choices': (2.0, 4.0, 6.0), 'gate_enabled': True, 'n_gates': 2, 'finish_x_choices': (-2.5, -3.5, -4.5), 'gate_opening_width': 1.0, 'post_gate_distance': 1.5})
======================================================================
(15_w,30)-aCMA-ES (mu_w=8.6,w_1=20%) in dimension 920 (seed=717834, Fri Sep  4 23:08:35 2026)
✅ Gen 001/100 | Best Loss (neg eff): -134.7929 | 5.9s
✅ Gen 002/100 | Best Loss (neg eff): -149.0867 | 8.5s
✅ Gen 003/100 | Best Loss (neg eff): -151.6641 | 8.0s
✅ Gen 004/100 | Best Loss (neg eff): -148.9037 | 5.9s
✅ Gen 005/100 | Best Loss (neg eff): -126.8233 | 4.5s
✅ Gen 006/100 | Best Loss (neg eff): -136.5100 | 5.2s
✅ Gen 007/100 | Best Loss (neg eff): -134.6548 | 6.0s
✅ Gen 008/100 | Best Loss (neg eff): -141.1999 | 7.2s
✅ Gen 009/100 | Best Loss (neg eff): -143.8952 | 8.5s
✅ Gen 010/100 | Best Loss (neg eff): -135.6549 | 5.7s
✅ Gen 011/100 | Best Loss (neg eff): -149.2635 | 5.1s
✅ Gen 012/100 | Best Loss (neg eff): -143.6777 | 5.2s
✅ Gen 013/100 | Best Loss (neg eff): -136.5940 | 5.8s
✅ Gen 014/100 | Best Loss (neg eff): -148.9853 | 7.7s
✅ Gen 015/100 | Best Loss (neg eff): -138.7524 | 7.0s
✅ Gen 016/100 | Best Loss (neg eff): -146.4038 | 6.8s
✅ Gen 017/100 | Best Loss (neg eff): -152.0185 | 6.0s
✅ Gen 018/100 | Best Loss (neg eff): -159.0697 | 5.1s
✅ Gen 019/100 | Best Loss (neg eff): -140.1333 | 5.7s
✅ Gen 020/100 | Best Loss (neg eff): -145.5845 | 5.7s
✅ Gen 021/100 | Best Loss (neg eff): -131.2997 | 8.5s
✅ Gen 022/100 | Best Loss (neg eff): -143.8692 | 7.9s
✅ Gen 023/100 | Best Loss (neg eff): -138.0405 | 5.3s
✅ Gen 024/100 | Best Loss (neg eff): -159.5708 | 4.6s
✅ Gen 025/100 | Best Loss (neg eff): -166.9979 | 5.8s
✅ Gen 026/100 | Best Loss (neg eff): -157.8101 | 4.8s
✅ Gen 027/100 | Best Loss (neg eff): -160.5971 | 5.0s
✅ Gen 028/100 | Best Loss (neg eff): -149.2068 | 5.3s
✅ Gen 029/100 | Best Loss (neg eff): -168.4226 | 6.8s
✅ Gen 030/100 | Best Loss (neg eff): -170.4357 | 8.1s
✅ Gen 031/100 | Best Loss (neg eff): -158.1255 | 7.5s
✅ Gen 032/100 | Best Loss (neg eff): -157.8241 | 4.9s
✅ Gen 033/100 | Best Loss (neg eff): -155.3020 | 4.9s
✅ Gen 034/100 | Best Loss (neg eff): -171.4125 | 4.9s
✅ Gen 035/100 | Best Loss (neg eff): -155.6999 | 5.1s
✅ Gen 036/100 | Best Loss (neg eff): -146.6562 | 5.3s
✅ Gen 037/100 | Best Loss (neg eff): -161.6080 | 5.6s
✅ Gen 038/100 | Best Loss (neg eff): -142.1985 | 7.4s
✅ Gen 039/100 | Best Loss (neg eff): -165.1420 | 7.5s
✅ Gen 040/100 | Best Loss (neg eff): -160.9095 | 4.9s
✅ Gen 041/100 | Best Loss (neg eff): -167.9648 | 4.4s
✅ Gen 042/100 | Best Loss (neg eff): -151.6778 | 4.8s
✅ Gen 043/100 | Best Loss (neg eff): -153.2347 | 7.4s
✅ Gen 044/100 | Best Loss (neg eff): -151.3777 | 5.8s
✅ Gen 045/100 | Best Loss (neg eff): -151.5223 | 6.0s
✅ Gen 046/100 | Best Loss (neg eff): -153.2121 | 5.2s
✅ Gen 047/100 | Best Loss (neg eff): -157.6519 | 5.6s
✅ Gen 048/100 | Best Loss (neg eff): -154.7522 | 5.2s
✅ Gen 049/100 | Best Loss (neg eff): -161.7499 | 4.7s
✅ Gen 050/100 | Best Loss (neg eff): -151.1132 | 7.3s
✅ Gen 051/100 | Best Loss (neg eff): -153.1301 | 7.2s
✅ Gen 052/100 | Best Loss (neg eff): -164.2658 | 5.9s
✅ Gen 053/100 | Best Loss (neg eff): -150.7038 | 5.6s
✅ Gen 054/100 | Best Loss (neg eff): -169.3609 | 5.2s
✅ Gen 055/100 | Best Loss (neg eff): -148.5916 | 5.7s
✅ Gen 056/100 | Best Loss (neg eff): -152.9466 | 5.6s
✅ Gen 057/100 | Best Loss (neg eff): -172.8667 | 7.5s
✅ Gen 058/100 | Best Loss (neg eff): -183.1142 | 8.4s
✅ Gen 059/100 | Best Loss (neg eff): -154.8842 | 5.4s
✅ Gen 060/100 | Best Loss (neg eff): -154.4602 | 6.0s
✅ Gen 061/100 | Best Loss (neg eff): -167.1670 | 5.1s
✅ Gen 062/100 | Best Loss (neg eff): -156.5323 | 5.3s
✅ Gen 063/100 | Best Loss (neg eff): -172.3321 | 5.3s
✅ Gen 064/100 | Best Loss (neg eff): -161.7810 | 7.4s
✅ Gen 065/100 | Best Loss (neg eff): -163.6388 | 8.6s
✅ Gen 066/100 | Best Loss (neg eff): -169.0292 | 6.5s
✅ Gen 067/100 | Best Loss (neg eff): -149.2418 | 6.0s
✅ Gen 068/100 | Best Loss (neg eff): -176.1850 | 5.8s
✅ Gen 069/100 | Best Loss (neg eff): -172.1708 | 5.9s
✅ Gen 070/100 | Best Loss (neg eff): -151.7884 | 6.3s
✅ Gen 071/100 | Best Loss (neg eff): -157.5954 | 9.5s
✅ Gen 072/100 | Best Loss (neg eff): -151.1880 | 9.3s
✅ Gen 073/100 | Best Loss (neg eff): -143.9701 | 6.8s
✅ Gen 074/100 | Best Loss (neg eff): -162.9700 | 8.3s
✅ Gen 075/100 | Best Loss (neg eff): -159.8188 | 5.5s
✅ Gen 076/100 | Best Loss (neg eff): -151.2794 | 5.8s
✅ Gen 077/100 | Best Loss (neg eff): -145.8082 | 5.7s
✅ Gen 078/100 | Best Loss (neg eff): -162.2292 | 6.3s
✅ Gen 079/100 | Best Loss (neg eff): -179.1483 | 9.3s
✅ Gen 080/100 | Best Loss (neg eff): -152.7069 | 5.8s
✅ Gen 081/100 | Best Loss (neg eff): -155.5713 | 6.6s
✅ Gen 082/100 | Best Loss (neg eff): -154.2676 | 5.8s
✅ Gen 083/100 | Best Loss (neg eff): -155.8121 | 5.6s
✅ Gen 084/100 | Best Loss (neg eff): -144.1309 | 8.8s
✅ Gen 085/100 | Best Loss (neg eff): -157.2280 | 9.9s
✅ Gen 086/100 | Best Loss (neg eff): -153.6464 | 6.8s
✅ Gen 087/100 | Best Loss (neg eff): -152.9418 | 5.4s
✅ Gen 088/100 | Best Loss (neg eff): -162.7810 | 5.5s
✅ Gen 089/100 | Best Loss (neg eff): -153.0799 | 5.7s
✅ Gen 090/100 | Best Loss (neg eff): -159.1897 | 6.8s
✅ Gen 091/100 | Best Loss (neg eff): -176.7509 | 9.2s
✅ Gen 092/100 | Best Loss (neg eff): -157.1516 | 6.9s
✅ Gen 093/100 | Best Loss (neg eff): -161.6843 | 6.9s
✅ Gen 094/100 | Best Loss (neg eff): -165.3044 | 6.1s
✅ Gen 095/100 | Best Loss (neg eff): -169.7268 | 5.6s
✅ Gen 096/100 | Best Loss (neg eff): -180.5167 | 6.5s
✅ Gen 097/100 | Best Loss (neg eff): -151.2956 | 4.8s
✅ Gen 098/100 | Best Loss (neg eff): -189.4488 | 5.1s
✅ Gen 099/100 | Best Loss (neg eff): -157.3113 | 7.4s
✅ Gen 100/100 | Best Loss (neg eff): -169.1473 | 5.8s
   (stage wall-clock: 630.2s)
💾 Stage 'gate_passing' complete. Best efficiency: 189.4488. Saved hebbian_gate_passing_best.npy

🎉 Staged training complete. Results in 'hebbian_results_gate/sweep_n_gates_2/'.
=== SWEEP RUN DONE: n_gates_2 ===
Fr 4. Sep 23:19:06 CEST 2026
=== SWEEP RUN: n_gates_3 ===
Fr 4. Sep 23:19:06 CEST 2026
🚀 stages=['follow_gradient_no_gate', 'gate_passing'], sensor_mode=quadrant, popsize=30, maxiter=100, n_agents=10, n_repeats=3, workers=15

======================================================================
🧬 STAGE: follow_gradient_no_gate  ({'sensor_mode': 'quadrant', 'n_agents': 10, 'n_repeats': 3, 'max_battery': None, 'min_battery': None, 'nx': None, 'ny': None, 'use_battery_sensor': True, 'wind_enabled': False, 'gradient_map_path': None, 'freq_choices': (2.0, 4.0, 6.0), 'gate_enabled': False, 'n_gates': 3, 'finish_x_choices': (-2.5, -3.5, -4.5), 'gate_opening_width': 1.0, 'post_gate_distance': 1.5})
======================================================================
(15_w,30)-aCMA-ES (mu_w=8.6,w_1=20%) in dimension 920 (seed=679853, Fri Sep  4 23:19:07 2026)
✅ Gen 001/100 | Best Loss (neg eff): -84.4679 | 10.6s
✅ Gen 002/100 | Best Loss (neg eff): -95.4560 | 9.2s
✅ Gen 003/100 | Best Loss (neg eff): -115.4129 | 8.8s
✅ Gen 004/100 | Best Loss (neg eff): -128.3754 | 11.1s
✅ Gen 005/100 | Best Loss (neg eff): -128.8832 | 6.1s
✅ Gen 006/100 | Best Loss (neg eff): -142.5684 | 4.8s
✅ Gen 007/100 | Best Loss (neg eff): -157.0048 | 5.2s
✅ Gen 008/100 | Best Loss (neg eff): -159.0000 | 4.8s
✅ Gen 009/100 | Best Loss (neg eff): -152.1565 | 4.1s
✅ Gen 010/100 | Best Loss (neg eff): -154.6692 | 3.9s
✅ Gen 011/100 | Best Loss (neg eff): -156.5582 | 5.6s
✅ Gen 012/100 | Best Loss (neg eff): -151.4232 | 5.9s
✅ Gen 013/100 | Best Loss (neg eff): -161.5615 | 5.6s
✅ Gen 014/100 | Best Loss (neg eff): -168.4912 | 4.6s
✅ Gen 015/100 | Best Loss (neg eff): -163.4602 | 3.2s
✅ Gen 016/100 | Best Loss (neg eff): -154.4517 | 3.1s
✅ Gen 017/100 | Best Loss (neg eff): -185.8859 | 3.4s
✅ Gen 018/100 | Best Loss (neg eff): -173.1465 | 3.9s
✅ Gen 019/100 | Best Loss (neg eff): -168.9073 | 3.5s
✅ Gen 020/100 | Best Loss (neg eff): -177.2514 | 3.0s
✅ Gen 021/100 | Best Loss (neg eff): -170.9752 | 4.7s
✅ Gen 022/100 | Best Loss (neg eff): -173.9856 | 4.6s
✅ Gen 023/100 | Best Loss (neg eff): -172.2285 | 2.9s
✅ Gen 024/100 | Best Loss (neg eff): -187.5256 | 2.6s
✅ Gen 025/100 | Best Loss (neg eff): -171.0542 | 2.9s
✅ Gen 026/100 | Best Loss (neg eff): -169.8869 | 4.0s
✅ Gen 027/100 | Best Loss (neg eff): -172.6482 | 2.7s
✅ Gen 028/100 | Best Loss (neg eff): -166.5327 | 3.1s
✅ Gen 029/100 | Best Loss (neg eff): -179.2089 | 2.7s
✅ Gen 030/100 | Best Loss (neg eff): -165.7015 | 2.3s
✅ Gen 031/100 | Best Loss (neg eff): -172.4874 | 3.4s
✅ Gen 032/100 | Best Loss (neg eff): -174.5603 | 3.1s
✅ Gen 033/100 | Best Loss (neg eff): -190.5341 | 4.0s
✅ Gen 034/100 | Best Loss (neg eff): -179.0656 | 3.2s
✅ Gen 035/100 | Best Loss (neg eff): -182.8638 | 2.3s
✅ Gen 036/100 | Best Loss (neg eff): -176.8730 | 2.8s
✅ Gen 037/100 | Best Loss (neg eff): -185.9291 | 2.3s
✅ Gen 038/100 | Best Loss (neg eff): -188.9604 | 2.1s
✅ Gen 039/100 | Best Loss (neg eff): -179.9422 | 2.0s
✅ Gen 040/100 | Best Loss (neg eff): -161.3301 | 2.0s
✅ Gen 041/100 | Best Loss (neg eff): -176.6503 | 2.4s
✅ Gen 042/100 | Best Loss (neg eff): -187.4595 | 3.1s
✅ Gen 043/100 | Best Loss (neg eff): -184.8173 | 2.2s
✅ Gen 044/100 | Best Loss (neg eff): -182.5424 | 1.9s
✅ Gen 045/100 | Best Loss (neg eff): -194.7297 | 2.0s
✅ Gen 046/100 | Best Loss (neg eff): -193.7189 | 2.1s
✅ Gen 047/100 | Best Loss (neg eff): -187.6025 | 2.1s
✅ Gen 048/100 | Best Loss (neg eff): -171.7806 | 3.7s
✅ Gen 049/100 | Best Loss (neg eff): -173.7438 | 3.1s
✅ Gen 050/100 | Best Loss (neg eff): -178.4490 | 2.2s
✅ Gen 051/100 | Best Loss (neg eff): -170.2396 | 2.7s
✅ Gen 052/100 | Best Loss (neg eff): -174.1926 | 3.4s
✅ Gen 053/100 | Best Loss (neg eff): -182.4808 | 2.3s
✅ Gen 054/100 | Best Loss (neg eff): -202.2167 | 2.8s
✅ Gen 055/100 | Best Loss (neg eff): -175.4608 | 4.3s
✅ Gen 056/100 | Best Loss (neg eff): -189.6221 | 2.6s
✅ Gen 057/100 | Best Loss (neg eff): -184.9588 | 2.2s
✅ Gen 058/100 | Best Loss (neg eff): -162.4195 | 2.2s
✅ Gen 059/100 | Best Loss (neg eff): -180.2995 | 2.3s
✅ Gen 060/100 | Best Loss (neg eff): -184.7870 | 2.2s
✅ Gen 061/100 | Best Loss (neg eff): -170.3292 | 2.7s
✅ Gen 062/100 | Best Loss (neg eff): -192.4654 | 2.2s
✅ Gen 063/100 | Best Loss (neg eff): -180.1586 | 2.2s
✅ Gen 064/100 | Best Loss (neg eff): -202.9234 | 2.3s
✅ Gen 065/100 | Best Loss (neg eff): -182.5654 | 3.1s
✅ Gen 066/100 | Best Loss (neg eff): -188.9864 | 3.3s
✅ Gen 067/100 | Best Loss (neg eff): -184.7624 | 4.8s
✅ Gen 068/100 | Best Loss (neg eff): -187.6747 | 2.7s
✅ Gen 069/100 | Best Loss (neg eff): -195.8769 | 2.8s
✅ Gen 070/100 | Best Loss (neg eff): -179.9025 | 2.2s
✅ Gen 071/100 | Best Loss (neg eff): -179.1946 | 2.2s
✅ Gen 072/100 | Best Loss (neg eff): -192.9377 | 2.1s
✅ Gen 073/100 | Best Loss (neg eff): -180.1362 | 2.1s
✅ Gen 074/100 | Best Loss (neg eff): -191.1919 | 2.3s
✅ Gen 075/100 | Best Loss (neg eff): -192.6042 | 2.0s
✅ Gen 076/100 | Best Loss (neg eff): -183.2942 | 2.2s
✅ Gen 077/100 | Best Loss (neg eff): -207.8353 | 2.3s
✅ Gen 078/100 | Best Loss (neg eff): -203.5263 | 2.4s
✅ Gen 079/100 | Best Loss (neg eff): -188.1225 | 2.5s
✅ Gen 080/100 | Best Loss (neg eff): -187.6077 | 2.2s
✅ Gen 081/100 | Best Loss (neg eff): -182.3847 | 2.2s
✅ Gen 082/100 | Best Loss (neg eff): -203.6349 | 2.1s
✅ Gen 083/100 | Best Loss (neg eff): -201.9216 | 1.9s
✅ Gen 084/100 | Best Loss (neg eff): -178.4777 | 2.1s
✅ Gen 085/100 | Best Loss (neg eff): -190.3892 | 3.4s
✅ Gen 086/100 | Best Loss (neg eff): -186.7762 | 2.9s
✅ Gen 087/100 | Best Loss (neg eff): -191.1239 | 2.7s
✅ Gen 088/100 | Best Loss (neg eff): -191.6428 | 2.9s
✅ Gen 089/100 | Best Loss (neg eff): -196.3323 | 3.2s
✅ Gen 090/100 | Best Loss (neg eff): -196.1555 | 2.3s
✅ Gen 091/100 | Best Loss (neg eff): -199.3056 | 2.3s
✅ Gen 092/100 | Best Loss (neg eff): -196.3165 | 2.1s
✅ Gen 093/100 | Best Loss (neg eff): -202.4412 | 2.5s
✅ Gen 094/100 | Best Loss (neg eff): -191.5302 | 2.3s
✅ Gen 095/100 | Best Loss (neg eff): -210.6281 | 3.0s
✅ Gen 096/100 | Best Loss (neg eff): -183.2739 | 2.5s
✅ Gen 097/100 | Best Loss (neg eff): -193.7297 | 2.4s
✅ Gen 098/100 | Best Loss (neg eff): -204.0544 | 2.3s
✅ Gen 099/100 | Best Loss (neg eff): -185.4506 | 2.2s
✅ Gen 100/100 | Best Loss (neg eff): -197.3473 | 2.2s
   (stage wall-clock: 321.8s)
💾 Stage 'follow_gradient_no_gate' complete. Best efficiency: 210.6281. Saved hebbian_follow_gradient_no_gate_best.npy

======================================================================
🧬 STAGE: gate_passing  ({'sensor_mode': 'quadrant', 'n_agents': 10, 'n_repeats': 3, 'max_battery': None, 'min_battery': None, 'nx': None, 'ny': None, 'use_battery_sensor': True, 'wind_enabled': False, 'gradient_map_path': None, 'freq_choices': (2.0, 4.0, 6.0), 'gate_enabled': True, 'n_gates': 3, 'finish_x_choices': (-2.5, -3.5, -4.5), 'gate_opening_width': 1.0, 'post_gate_distance': 1.5})
======================================================================
(15_w,30)-aCMA-ES (mu_w=8.6,w_1=20%) in dimension 920 (seed=611110, Fri Sep  4 23:24:29 2026)
✅ Gen 001/100 | Best Loss (neg eff): -112.7745 | 12.6s
✅ Gen 002/100 | Best Loss (neg eff): -113.8581 | 10.3s
✅ Gen 003/100 | Best Loss (neg eff): -126.3500 | 7.8s
✅ Gen 004/100 | Best Loss (neg eff): -122.5217 | 6.7s
✅ Gen 005/100 | Best Loss (neg eff): -124.5016 | 7.0s
✅ Gen 006/100 | Best Loss (neg eff): -118.0081 | 7.7s
✅ Gen 007/100 | Best Loss (neg eff): -126.8823 | 10.8s
✅ Gen 008/100 | Best Loss (neg eff): -124.7875 | 7.6s
✅ Gen 009/100 | Best Loss (neg eff): -124.3302 | 7.7s
✅ Gen 010/100 | Best Loss (neg eff): -126.3611 | 6.8s
✅ Gen 011/100 | Best Loss (neg eff): -137.2847 | 8.5s
✅ Gen 012/100 | Best Loss (neg eff): -126.3235 | 8.1s
✅ Gen 013/100 | Best Loss (neg eff): -137.2992 | 8.7s
✅ Gen 014/100 | Best Loss (neg eff): -126.9376 | 6.7s
✅ Gen 015/100 | Best Loss (neg eff): -121.6338 | 8.0s
✅ Gen 016/100 | Best Loss (neg eff): -131.1984 | 7.3s
✅ Gen 017/100 | Best Loss (neg eff): -129.0494 | 7.5s
✅ Gen 018/100 | Best Loss (neg eff): -138.4322 | 9.4s
✅ Gen 019/100 | Best Loss (neg eff): -130.1997 | 9.5s
✅ Gen 020/100 | Best Loss (neg eff): -139.6579 | 6.5s
✅ Gen 021/100 | Best Loss (neg eff): -136.8357 | 7.0s
✅ Gen 022/100 | Best Loss (neg eff): -127.1120 | 6.5s
✅ Gen 023/100 | Best Loss (neg eff): -124.3383 | 7.7s
✅ Gen 024/100 | Best Loss (neg eff): -115.2843 | 7.7s
✅ Gen 025/100 | Best Loss (neg eff): -127.6370 | 7.6s
✅ Gen 026/100 | Best Loss (neg eff): -129.9288 | 8.0s
✅ Gen 027/100 | Best Loss (neg eff): -143.5513 | 6.3s
✅ Gen 028/100 | Best Loss (neg eff): -118.8259 | 6.8s
✅ Gen 029/100 | Best Loss (neg eff): -125.2458 | 6.3s
✅ Gen 030/100 | Best Loss (neg eff): -124.1521 | 8.1s
✅ Gen 031/100 | Best Loss (neg eff): -122.4115 | 9.9s
✅ Gen 032/100 | Best Loss (neg eff): -133.7779 | 7.8s
✅ Gen 033/100 | Best Loss (neg eff): -132.6283 | 6.2s
✅ Gen 034/100 | Best Loss (neg eff): -122.2789 | 6.4s
✅ Gen 035/100 | Best Loss (neg eff): -125.3473 | 6.6s
✅ Gen 036/100 | Best Loss (neg eff): -134.5983 | 7.7s
✅ Gen 037/100 | Best Loss (neg eff): -127.6507 | 9.6s
✅ Gen 038/100 | Best Loss (neg eff): -129.9593 | 6.5s
✅ Gen 039/100 | Best Loss (neg eff): -119.4265 | 6.4s
✅ Gen 040/100 | Best Loss (neg eff): -130.5371 | 6.5s
✅ Gen 041/100 | Best Loss (neg eff): -121.7040 | 13.0s
✅ Gen 042/100 | Best Loss (neg eff): -124.8307 | 8.7s
✅ Gen 043/100 | Best Loss (neg eff): -130.8324 | 7.3s
✅ Gen 044/100 | Best Loss (neg eff): -120.0736 | 7.5s
✅ Gen 045/100 | Best Loss (neg eff): -139.5198 | 6.7s
✅ Gen 046/100 | Best Loss (neg eff): -129.5910 | 7.8s
✅ Gen 047/100 | Best Loss (neg eff): -128.6243 | 9.1s
✅ Gen 048/100 | Best Loss (neg eff): -129.1391 | 6.4s
✅ Gen 049/100 | Best Loss (neg eff): -118.6564 | 6.8s
✅ Gen 050/100 | Best Loss (neg eff): -127.2468 | 6.0s
✅ Gen 051/100 | Best Loss (neg eff): -123.6854 | 9.2s
✅ Gen 052/100 | Best Loss (neg eff): -130.7912 | 7.5s
✅ Gen 053/100 | Best Loss (neg eff): -135.3686 | 7.0s
✅ Gen 054/100 | Best Loss (neg eff): -126.2865 | 6.7s
✅ Gen 055/100 | Best Loss (neg eff): -112.0144 | 7.2s
✅ Gen 056/100 | Best Loss (neg eff): -142.3970 | 6.6s
✅ Gen 057/100 | Best Loss (neg eff): -119.9409 | 7.5s
✅ Gen 058/100 | Best Loss (neg eff): -129.4771 | 9.5s
✅ Gen 059/100 | Best Loss (neg eff): -120.9277 | 6.9s
✅ Gen 060/100 | Best Loss (neg eff): -128.7417 | 7.5s
✅ Gen 061/100 | Best Loss (neg eff): -134.6906 | 6.8s
✅ Gen 062/100 | Best Loss (neg eff): -133.5754 | 6.3s
✅ Gen 063/100 | Best Loss (neg eff): -129.8499 | 7.2s
✅ Gen 064/100 | Best Loss (neg eff): -123.3507 | 9.3s
✅ Gen 065/100 | Best Loss (neg eff): -130.6166 | 6.8s
✅ Gen 066/100 | Best Loss (neg eff): -132.8653 | 6.1s
✅ Gen 067/100 | Best Loss (neg eff): -123.6965 | 6.5s
✅ Gen 068/100 | Best Loss (neg eff): -130.6905 | 6.1s
✅ Gen 069/100 | Best Loss (neg eff): -127.8205 | 6.7s
✅ Gen 070/100 | Best Loss (neg eff): -132.0578 | 8.3s
✅ Gen 071/100 | Best Loss (neg eff): -131.7471 | 8.2s
✅ Gen 072/100 | Best Loss (neg eff): -129.4697 | 8.5s
✅ Gen 073/100 | Best Loss (neg eff): -128.8838 | 6.2s
✅ Gen 074/100 | Best Loss (neg eff): -143.9840 | 6.5s
✅ Gen 075/100 | Best Loss (neg eff): -155.0055 | 6.9s
✅ Gen 076/100 | Best Loss (neg eff): -133.0482 | 6.4s
✅ Gen 077/100 | Best Loss (neg eff): -133.8964 | 8.3s
✅ Gen 078/100 | Best Loss (neg eff): -130.2414 | 7.1s
✅ Gen 079/100 | Best Loss (neg eff): -129.5924 | 8.4s
✅ Gen 080/100 | Best Loss (neg eff): -130.5472 | 9.5s
✅ Gen 081/100 | Best Loss (neg eff): -120.3534 | 6.6s
✅ Gen 082/100 | Best Loss (neg eff): -133.8365 | 6.9s
✅ Gen 083/100 | Best Loss (neg eff): -129.2319 | 6.7s
✅ Gen 084/100 | Best Loss (neg eff): -127.4343 | 8.9s
✅ Gen 085/100 | Best Loss (neg eff): -128.1823 | 9.3s
✅ Gen 086/100 | Best Loss (neg eff): -125.1253 | 5.7s
✅ Gen 087/100 | Best Loss (neg eff): -126.8456 | 6.8s
✅ Gen 088/100 | Best Loss (neg eff): -136.1046 | 6.8s
✅ Gen 089/100 | Best Loss (neg eff): -129.5646 | 7.1s
✅ Gen 090/100 | Best Loss (neg eff): -134.6485 | 9.4s
✅ Gen 091/100 | Best Loss (neg eff): -135.1140 | 8.1s
✅ Gen 092/100 | Best Loss (neg eff): -132.9109 | 7.7s
✅ Gen 093/100 | Best Loss (neg eff): -132.1286 | 6.2s
✅ Gen 094/100 | Best Loss (neg eff): -134.4897 | 8.0s
✅ Gen 095/100 | Best Loss (neg eff): -125.6105 | 10.3s
✅ Gen 096/100 | Best Loss (neg eff): -116.5534 | 6.9s
✅ Gen 097/100 | Best Loss (neg eff): -130.6146 | 7.1s
✅ Gen 098/100 | Best Loss (neg eff): -125.8867 | 6.8s
✅ Gen 099/100 | Best Loss (neg eff): -119.7861 | 6.2s
✅ Gen 100/100 | Best Loss (neg eff): -131.2503 | 8.6s
   (stage wall-clock: 761.9s)
💾 Stage 'gate_passing' complete. Best efficiency: 155.0055. Saved hebbian_gate_passing_best.npy

🎉 Staged training complete. Results in 'hebbian_results_gate/sweep_n_gates_3/'.
=== SWEEP RUN DONE: n_gates_3 ===
Fr 4. Sep 23:37:11 CEST 2026
=== SWEEP RUN: n_gates_4 ===
Fr 4. Sep 23:37:11 CEST 2026
🚀 stages=['follow_gradient_no_gate', 'gate_passing'], sensor_mode=quadrant, popsize=30, maxiter=100, n_agents=10, n_repeats=3, workers=15

======================================================================
🧬 STAGE: follow_gradient_no_gate  ({'sensor_mode': 'quadrant', 'n_agents': 10, 'n_repeats': 3, 'max_battery': None, 'min_battery': None, 'nx': None, 'ny': None, 'use_battery_sensor': True, 'wind_enabled': False, 'gradient_map_path': None, 'freq_choices': (2.0, 4.0, 6.0), 'gate_enabled': False, 'n_gates': 4, 'finish_x_choices': (-2.5, -3.5, -4.5), 'gate_opening_width': 1.0, 'post_gate_distance': 1.5})
======================================================================
(15_w,30)-aCMA-ES (mu_w=8.6,w_1=20%) in dimension 920 (seed=580104, Fri Sep  4 23:37:12 2026)
✅ Gen 001/100 | Best Loss (neg eff): -38.4117 | 13.8s
✅ Gen 002/100 | Best Loss (neg eff): -57.6396 | 9.1s
✅ Gen 003/100 | Best Loss (neg eff): -77.3482 | 9.2s
✅ Gen 004/100 | Best Loss (neg eff): -108.1097 | 10.6s
✅ Gen 005/100 | Best Loss (neg eff): -119.7414 | 8.4s
✅ Gen 006/100 | Best Loss (neg eff): -130.5793 | 6.8s
✅ Gen 007/100 | Best Loss (neg eff): -130.8399 | 5.8s
✅ Gen 008/100 | Best Loss (neg eff): -140.9290 | 4.3s
✅ Gen 009/100 | Best Loss (neg eff): -144.2187 | 5.2s
✅ Gen 010/100 | Best Loss (neg eff): -145.4171 | 4.8s
✅ Gen 011/100 | Best Loss (neg eff): -147.8197 | 5.8s
✅ Gen 012/100 | Best Loss (neg eff): -147.8112 | 4.7s
✅ Gen 013/100 | Best Loss (neg eff): -152.6598 | 5.0s
✅ Gen 014/100 | Best Loss (neg eff): -155.0866 | 3.0s
✅ Gen 015/100 | Best Loss (neg eff): -156.7203 | 3.3s
✅ Gen 016/100 | Best Loss (neg eff): -149.9792 | 3.9s
✅ Gen 017/100 | Best Loss (neg eff): -159.2548 | 2.9s
✅ Gen 018/100 | Best Loss (neg eff): -150.7017 | 4.2s
✅ Gen 019/100 | Best Loss (neg eff): -178.0418 | 3.7s
✅ Gen 020/100 | Best Loss (neg eff): -151.9493 | 3.0s
✅ Gen 021/100 | Best Loss (neg eff): -156.3230 | 3.4s
✅ Gen 022/100 | Best Loss (neg eff): -163.9721 | 3.7s
✅ Gen 023/100 | Best Loss (neg eff): -161.7444 | 6.8s
✅ Gen 024/100 | Best Loss (neg eff): -164.2054 | 4.9s
✅ Gen 025/100 | Best Loss (neg eff): -167.1384 | 4.2s
✅ Gen 026/100 | Best Loss (neg eff): -172.5170 | 3.1s
✅ Gen 027/100 | Best Loss (neg eff): -173.9030 | 2.9s
✅ Gen 028/100 | Best Loss (neg eff): -171.3283 | 3.9s
✅ Gen 029/100 | Best Loss (neg eff): -164.6131 | 3.2s
✅ Gen 030/100 | Best Loss (neg eff): -174.8701 | 3.3s
✅ Gen 031/100 | Best Loss (neg eff): -159.4222 | 4.0s
✅ Gen 032/100 | Best Loss (neg eff): -159.4948 | 4.3s
✅ Gen 033/100 | Best Loss (neg eff): -178.4937 | 4.8s
✅ Gen 034/100 | Best Loss (neg eff): -158.1158 | 5.2s
✅ Gen 035/100 | Best Loss (neg eff): -171.4009 | 5.3s
✅ Gen 036/100 | Best Loss (neg eff): -166.8906 | 4.9s
✅ Gen 037/100 | Best Loss (neg eff): -159.6118 | 3.6s
✅ Gen 038/100 | Best Loss (neg eff): -156.9868 | 3.4s
✅ Gen 039/100 | Best Loss (neg eff): -167.3735 | 3.4s
✅ Gen 040/100 | Best Loss (neg eff): -170.2359 | 3.0s
✅ Gen 041/100 | Best Loss (neg eff): -159.7467 | 3.6s
✅ Gen 042/100 | Best Loss (neg eff): -163.2837 | 3.2s
✅ Gen 043/100 | Best Loss (neg eff): -170.7639 | 3.9s
✅ Gen 044/100 | Best Loss (neg eff): -170.2223 | 5.4s
✅ Gen 045/100 | Best Loss (neg eff): -175.8457 | 4.3s
✅ Gen 046/100 | Best Loss (neg eff): -169.0902 | 4.3s
✅ Gen 047/100 | Best Loss (neg eff): -160.3520 | 2.5s
✅ Gen 048/100 | Best Loss (neg eff): -172.9257 | 2.5s
✅ Gen 049/100 | Best Loss (neg eff): -157.0032 | 2.7s
✅ Gen 050/100 | Best Loss (neg eff): -165.3616 | 2.6s
✅ Gen 051/100 | Best Loss (neg eff): -177.6480 | 2.5s
✅ Gen 052/100 | Best Loss (neg eff): -178.8403 | 2.8s
✅ Gen 053/100 | Best Loss (neg eff): -176.8923 | 2.3s
✅ Gen 054/100 | Best Loss (neg eff): -173.5599 | 2.6s
✅ Gen 055/100 | Best Loss (neg eff): -173.1170 | 2.3s
✅ Gen 056/100 | Best Loss (neg eff): -181.5245 | 3.5s
✅ Gen 057/100 | Best Loss (neg eff): -190.6944 | 2.4s
✅ Gen 058/100 | Best Loss (neg eff): -184.1708 | 3.4s
✅ Gen 059/100 | Best Loss (neg eff): -177.1152 | 4.8s
✅ Gen 060/100 | Best Loss (neg eff): -177.2883 | 2.8s
✅ Gen 061/100 | Best Loss (neg eff): -185.8133 | 3.1s
✅ Gen 062/100 | Best Loss (neg eff): -172.4963 | 2.7s
✅ Gen 063/100 | Best Loss (neg eff): -171.5984 | 2.5s
✅ Gen 064/100 | Best Loss (neg eff): -174.5370 | 1.9s
✅ Gen 065/100 | Best Loss (neg eff): -174.6036 | 2.0s
✅ Gen 066/100 | Best Loss (neg eff): -175.2647 | 2.1s
✅ Gen 067/100 | Best Loss (neg eff): -168.7697 | 2.3s
✅ Gen 068/100 | Best Loss (neg eff): -178.9335 | 3.0s
✅ Gen 069/100 | Best Loss (neg eff): -167.8648 | 2.6s
✅ Gen 070/100 | Best Loss (neg eff): -166.0392 | 2.2s
✅ Gen 071/100 | Best Loss (neg eff): -169.2040 | 2.0s
✅ Gen 072/100 | Best Loss (neg eff): -179.0192 | 2.3s
✅ Gen 073/100 | Best Loss (neg eff): -183.3457 | 3.2s
✅ Gen 074/100 | Best Loss (neg eff): -175.9800 | 1.8s
✅ Gen 075/100 | Best Loss (neg eff): -180.0964 | 2.1s
✅ Gen 076/100 | Best Loss (neg eff): -191.7622 | 3.8s
✅ Gen 077/100 | Best Loss (neg eff): -172.2584 | 2.8s
✅ Gen 078/100 | Best Loss (neg eff): -176.3583 | 3.2s
✅ Gen 079/100 | Best Loss (neg eff): -174.7033 | 3.6s
✅ Gen 080/100 | Best Loss (neg eff): -175.1458 | 3.9s
✅ Gen 081/100 | Best Loss (neg eff): -176.0750 | 2.9s
✅ Gen 082/100 | Best Loss (neg eff): -172.7943 | 1.7s
✅ Gen 083/100 | Best Loss (neg eff): -183.2270 | 1.8s
✅ Gen 084/100 | Best Loss (neg eff): -174.1576 | 2.0s
✅ Gen 085/100 | Best Loss (neg eff): -176.6714 | 2.8s
✅ Gen 086/100 | Best Loss (neg eff): -194.6742 | 1.9s
✅ Gen 087/100 | Best Loss (neg eff): -186.6462 | 3.1s
✅ Gen 088/100 | Best Loss (neg eff): -175.2053 | 1.7s
✅ Gen 089/100 | Best Loss (neg eff): -172.7504 | 1.8s
✅ Gen 090/100 | Best Loss (neg eff): -183.6596 | 1.7s
✅ Gen 091/100 | Best Loss (neg eff): -179.1106 | 2.0s
✅ Gen 092/100 | Best Loss (neg eff): -190.9528 | 1.8s
✅ Gen 093/100 | Best Loss (neg eff): -184.2756 | 2.2s
✅ Gen 094/100 | Best Loss (neg eff): -177.3204 | 2.4s
✅ Gen 095/100 | Best Loss (neg eff): -178.0354 | 2.3s
✅ Gen 096/100 | Best Loss (neg eff): -181.9580 | 2.5s
✅ Gen 097/100 | Best Loss (neg eff): -174.2389 | 2.5s
✅ Gen 098/100 | Best Loss (neg eff): -179.1768 | 2.3s
✅ Gen 099/100 | Best Loss (neg eff): -184.3559 | 1.7s
✅ Gen 100/100 | Best Loss (neg eff): -177.1986 | 1.6s
   (stage wall-clock: 358.7s)
💾 Stage 'follow_gradient_no_gate' complete. Best efficiency: 194.6742. Saved hebbian_follow_gradient_no_gate_best.npy

======================================================================
🧬 STAGE: gate_passing  ({'sensor_mode': 'quadrant', 'n_agents': 10, 'n_repeats': 3, 'max_battery': None, 'min_battery': None, 'nx': None, 'ny': None, 'use_battery_sensor': True, 'wind_enabled': False, 'gradient_map_path': None, 'freq_choices': (2.0, 4.0, 6.0), 'gate_enabled': True, 'n_gates': 4, 'finish_x_choices': (-2.5, -3.5, -4.5), 'gate_opening_width': 1.0, 'post_gate_distance': 1.5})
======================================================================
(15_w,30)-aCMA-ES (mu_w=8.6,w_1=20%) in dimension 920 (seed=703213, Fri Sep  4 23:43:10 2026)
✅ Gen 001/100 | Best Loss (neg eff): -115.3190 | 7.7s
✅ Gen 002/100 | Best Loss (neg eff): -127.3476 | 10.4s
✅ Gen 003/100 | Best Loss (neg eff): -136.5776 | 6.6s
✅ Gen 004/100 | Best Loss (neg eff): -135.7716 | 7.2s
✅ Gen 005/100 | Best Loss (neg eff): -126.5731 | 7.4s
✅ Gen 006/100 | Best Loss (neg eff): -122.7856 | 11.2s
✅ Gen 007/100 | Best Loss (neg eff): -130.5440 | 10.6s
✅ Gen 008/100 | Best Loss (neg eff): -129.7272 | 6.5s
✅ Gen 009/100 | Best Loss (neg eff): -137.0303 | 7.8s
✅ Gen 010/100 | Best Loss (neg eff): -130.8802 | 7.3s
✅ Gen 011/100 | Best Loss (neg eff): -147.2834 | 7.4s
✅ Gen 012/100 | Best Loss (neg eff): -147.1762 | 8.3s
✅ Gen 013/100 | Best Loss (neg eff): -145.0337 | 11.4s
✅ Gen 014/100 | Best Loss (neg eff): -144.5729 | 11.1s
✅ Gen 015/100 | Best Loss (neg eff): -127.5722 | 8.0s
✅ Gen 016/100 | Best Loss (neg eff): -136.5522 | 7.5s
✅ Gen 017/100 | Best Loss (neg eff): -148.6410 | 9.6s
✅ Gen 018/100 | Best Loss (neg eff): -130.4174 | 9.9s
✅ Gen 019/100 | Best Loss (neg eff): -138.4639 | 7.1s
✅ Gen 020/100 | Best Loss (neg eff): -160.7559 | 6.7s
✅ Gen 021/100 | Best Loss (neg eff): -116.9678 | 7.4s
✅ Gen 022/100 | Best Loss (neg eff): -130.3444 | 10.3s
✅ Gen 023/100 | Best Loss (neg eff): -142.5494 | 8.6s
✅ Gen 024/100 | Best Loss (neg eff): -150.5428 | 7.6s
✅ Gen 025/100 | Best Loss (neg eff): -140.9563 | 8.3s
✅ Gen 026/100 | Best Loss (neg eff): -142.1681 | 9.8s
✅ Gen 027/100 | Best Loss (neg eff): -160.3297 | 12.0s
✅ Gen 028/100 | Best Loss (neg eff): -136.5578 | 9.0s
✅ Gen 029/100 | Best Loss (neg eff): -158.4476 | 8.3s
✅ Gen 030/100 | Best Loss (neg eff): -140.8767 | 8.1s
✅ Gen 031/100 | Best Loss (neg eff): -131.4943 | 12.0s
✅ Gen 032/100 | Best Loss (neg eff): -127.9377 | 14.5s
✅ Gen 033/100 | Best Loss (neg eff): -167.3712 | 8.4s
✅ Gen 034/100 | Best Loss (neg eff): -140.8993 | 8.3s
✅ Gen 035/100 | Best Loss (neg eff): -162.7279 | 11.2s
✅ Gen 036/100 | Best Loss (neg eff): -147.0980 | 8.1s
✅ Gen 037/100 | Best Loss (neg eff): -138.9786 | 8.9s
✅ Gen 038/100 | Best Loss (neg eff): -158.3844 | 8.0s
✅ Gen 039/100 | Best Loss (neg eff): -178.7862 | 11.9s
✅ Gen 040/100 | Best Loss (neg eff): -158.7483 | 7.4s
✅ Gen 041/100 | Best Loss (neg eff): -159.5018 | 7.5s
✅ Gen 042/100 | Best Loss (neg eff): -138.4909 | 10.1s
✅ Gen 043/100 | Best Loss (neg eff): -155.4807 | 8.5s
✅ Gen 044/100 | Best Loss (neg eff): -140.6213 | 8.6s
✅ Gen 045/100 | Best Loss (neg eff): -132.9483 | 11.9s
✅ Gen 046/100 | Best Loss (neg eff): -151.4875 | 7.7s
✅ Gen 047/100 | Best Loss (neg eff): -181.4926 | 7.5s
✅ Gen 048/100 | Best Loss (neg eff): -139.5943 | 8.2s
✅ Gen 049/100 | Best Loss (neg eff): -168.8422 | 8.5s
✅ Gen 050/100 | Best Loss (neg eff): -157.2566 | 13.0s
✅ Gen 051/100 | Best Loss (neg eff): -145.2119 | 8.1s
✅ Gen 052/100 | Best Loss (neg eff): -169.0339 | 8.6s
✅ Gen 053/100 | Best Loss (neg eff): -162.8534 | 8.8s
✅ Gen 054/100 | Best Loss (neg eff): -166.2589 | 10.7s
✅ Gen 055/100 | Best Loss (neg eff): -142.7153 | 11.2s
✅ Gen 056/100 | Best Loss (neg eff): -139.0672 | 7.6s
✅ Gen 057/100 | Best Loss (neg eff): -145.6142 | 8.3s
✅ Gen 058/100 | Best Loss (neg eff): -149.2907 | 9.6s
✅ Gen 059/100 | Best Loss (neg eff): -141.2232 | 11.9s
✅ Gen 060/100 | Best Loss (neg eff): -137.3387 | 8.8s
✅ Gen 061/100 | Best Loss (neg eff): -150.5719 | 8.1s
✅ Gen 062/100 | Best Loss (neg eff): -170.3116 | 8.8s
✅ Gen 063/100 | Best Loss (neg eff): -152.8155 | 9.5s
✅ Gen 064/100 | Best Loss (neg eff): -165.5514 | 10.0s
✅ Gen 065/100 | Best Loss (neg eff): -155.6558 | 7.7s
✅ Gen 066/100 | Best Loss (neg eff): -161.6713 | 8.5s
✅ Gen 067/100 | Best Loss (neg eff): -136.2559 | 9.8s
✅ Gen 068/100 | Best Loss (neg eff): -146.6701 | 12.7s
✅ Gen 069/100 | Best Loss (neg eff): -168.2403 | 8.1s
✅ Gen 070/100 | Best Loss (neg eff): -146.9498 | 8.3s
✅ Gen 071/100 | Best Loss (neg eff): -139.9799 | 7.9s
✅ Gen 072/100 | Best Loss (neg eff): -141.6637 | 10.4s
✅ Gen 073/100 | Best Loss (neg eff): -158.0224 | 11.0s
✅ Gen 074/100 | Best Loss (neg eff): -150.3545 | 8.4s
✅ Gen 075/100 | Best Loss (neg eff): -132.4668 | 8.4s
✅ Gen 076/100 | Best Loss (neg eff): -139.3325 | 8.4s
✅ Gen 077/100 | Best Loss (neg eff): -161.8621 | 10.1s
✅ Gen 078/100 | Best Loss (neg eff): -143.9568 | 11.6s
✅ Gen 079/100 | Best Loss (neg eff): -137.7062 | 8.1s
✅ Gen 080/100 | Best Loss (neg eff): -134.6169 | 7.5s
✅ Gen 081/100 | Best Loss (neg eff): -158.1235 | 9.5s
✅ Gen 082/100 | Best Loss (neg eff): -133.7138 | 7.0s
✅ Gen 083/100 | Best Loss (neg eff): -145.6281 | 11.4s
✅ Gen 084/100 | Best Loss (neg eff): -144.7133 | 10.1s
✅ Gen 085/100 | Best Loss (neg eff): -146.4472 | 8.2s
✅ Gen 086/100 | Best Loss (neg eff): -152.6495 | 7.9s
✅ Gen 087/100 | Best Loss (neg eff): -164.4742 | 8.0s
✅ Gen 088/100 | Best Loss (neg eff): -170.7004 | 12.2s
✅ Gen 089/100 | Best Loss (neg eff): -154.2728 | 10.1s
✅ Gen 090/100 | Best Loss (neg eff): -141.9020 | 7.2s
✅ Gen 091/100 | Best Loss (neg eff): -144.4397 | 8.9s
✅ Gen 092/100 | Best Loss (neg eff): -174.4905 | 8.5s
✅ Gen 093/100 | Best Loss (neg eff): -167.0890 | 11.1s
✅ Gen 094/100 | Best Loss (neg eff): -138.6280 | 8.5s
✅ Gen 095/100 | Best Loss (neg eff): -163.2663 | 7.9s
✅ Gen 096/100 | Best Loss (neg eff): -162.0324 | 11.4s
✅ Gen 097/100 | Best Loss (neg eff): -131.8397 | 8.3s
✅ Gen 098/100 | Best Loss (neg eff): -158.7823 | 11.0s
✅ Gen 099/100 | Best Loss (neg eff): -141.6144 | 9.4s
✅ Gen 100/100 | Best Loss (neg eff): -138.6321 | 11.5s
   (stage wall-clock: 914.5s)
💾 Stage 'gate_passing' complete. Best efficiency: 181.4926. Saved hebbian_gate_passing_best.npy

🎉 Staged training complete. Results in 'hebbian_results_gate/sweep_n_gates_4/'.
=== SWEEP RUN DONE: n_gates_4 ===
Fr 4. Sep 23:58:25 CEST 2026
=== SWEEP RUN: n_gates_5 ===
Fr 4. Sep 23:58:25 CEST 2026
🚀 stages=['follow_gradient_no_gate', 'gate_passing'], sensor_mode=quadrant, popsize=30, maxiter=100, n_agents=10, n_repeats=3, workers=15

======================================================================
🧬 STAGE: follow_gradient_no_gate  ({'sensor_mode': 'quadrant', 'n_agents': 10, 'n_repeats': 3, 'max_battery': None, 'min_battery': None, 'nx': None, 'ny': None, 'use_battery_sensor': True, 'wind_enabled': False, 'gradient_map_path': None, 'freq_choices': (2.0, 4.0, 6.0), 'gate_enabled': False, 'n_gates': 5, 'finish_x_choices': (-2.5, -3.5, -4.5), 'gate_opening_width': 1.0, 'post_gate_distance': 1.5})
======================================================================
(15_w,30)-aCMA-ES (mu_w=8.6,w_1=20%) in dimension 920 (seed=621221, Fri Sep  4 23:58:26 2026)
✅ Gen 001/100 | Best Loss (neg eff): -56.7659 | 9.7s
✅ Gen 002/100 | Best Loss (neg eff): -65.6440 | 14.4s
✅ Gen 003/100 | Best Loss (neg eff): -114.9900 | 8.8s
✅ Gen 004/100 | Best Loss (neg eff): -123.1420 | 7.4s
✅ Gen 005/100 | Best Loss (neg eff): -124.9918 | 6.6s
✅ Gen 006/100 | Best Loss (neg eff): -121.5815 | 6.7s
✅ Gen 007/100 | Best Loss (neg eff): -122.2675 | 8.7s
✅ Gen 008/100 | Best Loss (neg eff): -131.6401 | 8.9s
✅ Gen 009/100 | Best Loss (neg eff): -140.5405 | 4.7s
✅ Gen 010/100 | Best Loss (neg eff): -131.0824 | 4.7s
✅ Gen 011/100 | Best Loss (neg eff): -148.5950 | 4.6s
✅ Gen 012/100 | Best Loss (neg eff): -140.5248 | 4.3s
✅ Gen 013/100 | Best Loss (neg eff): -138.0995 | 3.8s
✅ Gen 014/100 | Best Loss (neg eff): -155.5163 | 4.4s
✅ Gen 015/100 | Best Loss (neg eff): -151.3328 | 3.8s
✅ Gen 016/100 | Best Loss (neg eff): -158.1443 | 2.9s
✅ Gen 017/100 | Best Loss (neg eff): -150.4122 | 3.2s
✅ Gen 018/100 | Best Loss (neg eff): -167.7677 | 2.0s
✅ Gen 019/100 | Best Loss (neg eff): -156.0741 | 4.8s
✅ Gen 020/100 | Best Loss (neg eff): -169.9811 | 3.5s
✅ Gen 021/100 | Best Loss (neg eff): -165.8808 | 3.5s
✅ Gen 022/100 | Best Loss (neg eff): -172.1366 | 5.8s
✅ Gen 023/100 | Best Loss (neg eff): -151.7040 | 2.3s
✅ Gen 024/100 | Best Loss (neg eff): -172.9605 | 2.6s
✅ Gen 025/100 | Best Loss (neg eff): -166.7888 | 2.7s
✅ Gen 026/100 | Best Loss (neg eff): -159.9013 | 2.7s
✅ Gen 027/100 | Best Loss (neg eff): -163.2308 | 2.7s
✅ Gen 028/100 | Best Loss (neg eff): -160.6092 | 3.2s
✅ Gen 029/100 | Best Loss (neg eff): -165.1133 | 2.9s
✅ Gen 030/100 | Best Loss (neg eff): -162.8538 | 3.3s
✅ Gen 031/100 | Best Loss (neg eff): -160.1329 | 2.9s
✅ Gen 032/100 | Best Loss (neg eff): -169.2673 | 3.3s
✅ Gen 033/100 | Best Loss (neg eff): -182.3840 | 2.6s
✅ Gen 034/100 | Best Loss (neg eff): -168.6809 | 4.6s
✅ Gen 035/100 | Best Loss (neg eff): -177.8441 | 5.2s
✅ Gen 036/100 | Best Loss (neg eff): -169.8222 | 4.8s
✅ Gen 037/100 | Best Loss (neg eff): -160.8575 | 3.2s
✅ Gen 038/100 | Best Loss (neg eff): -178.0247 | 2.5s
✅ Gen 039/100 | Best Loss (neg eff): -188.8221 | 2.6s
✅ Gen 040/100 | Best Loss (neg eff): -177.1304 | 2.9s
✅ Gen 041/100 | Best Loss (neg eff): -171.8261 | 2.3s
✅ Gen 042/100 | Best Loss (neg eff): -173.7065 | 2.4s
✅ Gen 043/100 | Best Loss (neg eff): -175.6582 | 3.2s
✅ Gen 044/100 | Best Loss (neg eff): -185.9243 | 2.1s
✅ Gen 045/100 | Best Loss (neg eff): -180.7818 | 2.5s
✅ Gen 046/100 | Best Loss (neg eff): -175.6953 | 2.3s
✅ Gen 047/100 | Best Loss (neg eff): -186.0633 | 2.4s
✅ Gen 048/100 | Best Loss (neg eff): -163.2524 | 2.8s
✅ Gen 049/100 | Best Loss (neg eff): -190.2782 | 3.3s
✅ Gen 050/100 | Best Loss (neg eff): -174.6952 | 3.6s
✅ Gen 051/100 | Best Loss (neg eff): -175.5278 | 3.7s
✅ Gen 052/100 | Best Loss (neg eff): -178.4889 | 4.1s
✅ Gen 053/100 | Best Loss (neg eff): -177.5208 | 3.3s
✅ Gen 054/100 | Best Loss (neg eff): -172.6303 | 2.9s
✅ Gen 055/100 | Best Loss (neg eff): -175.0094 | 2.3s
✅ Gen 056/100 | Best Loss (neg eff): -174.8822 | 2.3s
✅ Gen 057/100 | Best Loss (neg eff): -179.2757 | 2.1s
✅ Gen 058/100 | Best Loss (neg eff): -179.6680 | 2.4s
✅ Gen 059/100 | Best Loss (neg eff): -181.4428 | 2.1s
✅ Gen 060/100 | Best Loss (neg eff): -187.3204 | 2.3s
✅ Gen 061/100 | Best Loss (neg eff): -190.6092 | 2.3s
✅ Gen 062/100 | Best Loss (neg eff): -177.6976 | 2.5s
✅ Gen 063/100 | Best Loss (neg eff): -189.8913 | 2.5s
✅ Gen 064/100 | Best Loss (neg eff): -180.7921 | 2.9s
✅ Gen 065/100 | Best Loss (neg eff): -197.2079 | 3.7s
✅ Gen 066/100 | Best Loss (neg eff): -178.2841 | 4.1s
✅ Gen 067/100 | Best Loss (neg eff): -179.6312 | 3.2s
✅ Gen 068/100 | Best Loss (neg eff): -173.8268 | 2.5s
✅ Gen 069/100 | Best Loss (neg eff): -168.3830 | 2.6s
✅ Gen 070/100 | Best Loss (neg eff): -188.9178 | 2.2s
✅ Gen 071/100 | Best Loss (neg eff): -182.7881 | 2.3s
✅ Gen 072/100 | Best Loss (neg eff): -172.9571 | 2.3s
✅ Gen 073/100 | Best Loss (neg eff): -195.7970 | 2.6s
✅ Gen 074/100 | Best Loss (neg eff): -185.2431 | 2.2s
✅ Gen 075/100 | Best Loss (neg eff): -178.4334 | 2.3s
✅ Gen 076/100 | Best Loss (neg eff): -187.7598 | 3.2s
✅ Gen 077/100 | Best Loss (neg eff): -190.4366 | 2.7s
✅ Gen 078/100 | Best Loss (neg eff): -180.1767 | 2.5s
✅ Gen 079/100 | Best Loss (neg eff): -180.4680 | 4.3s
✅ Gen 080/100 | Best Loss (neg eff): -182.0444 | 3.1s
✅ Gen 081/100 | Best Loss (neg eff): -179.3518 | 2.3s
✅ Gen 082/100 | Best Loss (neg eff): -191.5544 | 2.4s
✅ Gen 083/100 | Best Loss (neg eff): -179.4488 | 2.2s
✅ Gen 084/100 | Best Loss (neg eff): -181.9144 | 2.3s
✅ Gen 085/100 | Best Loss (neg eff): -172.4690 | 2.6s
✅ Gen 086/100 | Best Loss (neg eff): -186.6929 | 2.4s
✅ Gen 087/100 | Best Loss (neg eff): -178.5163 | 2.5s
✅ Gen 088/100 | Best Loss (neg eff): -190.1560 | 3.1s
✅ Gen 089/100 | Best Loss (neg eff): -186.8132 | 2.1s
✅ Gen 090/100 | Best Loss (neg eff): -181.5070 | 2.8s
✅ Gen 091/100 | Best Loss (neg eff): -181.3446 | 3.0s
✅ Gen 092/100 | Best Loss (neg eff): -182.0758 | 3.8s
✅ Gen 093/100 | Best Loss (neg eff): -192.6512 | 3.4s
✅ Gen 094/100 | Best Loss (neg eff): -197.3639 | 4.2s
✅ Gen 095/100 | Best Loss (neg eff): -182.9721 | 4.0s
✅ Gen 096/100 | Best Loss (neg eff): -180.0819 | 2.5s
✅ Gen 097/100 | Best Loss (neg eff): -180.6630 | 2.4s
✅ Gen 098/100 | Best Loss (neg eff): -195.9544 | 2.2s
✅ Gen 099/100 | Best Loss (neg eff): -188.3619 | 2.5s
✅ Gen 100/100 | Best Loss (neg eff): -173.1775 | 2.1s
   (stage wall-clock: 349.3s)
💾 Stage 'follow_gradient_no_gate' complete. Best efficiency: 197.3639. Saved hebbian_follow_gradient_no_gate_best.npy

======================================================================
🧬 STAGE: gate_passing  ({'sensor_mode': 'quadrant', 'n_agents': 10, 'n_repeats': 3, 'max_battery': None, 'min_battery': None, 'nx': None, 'ny': None, 'use_battery_sensor': True, 'wind_enabled': False, 'gradient_map_path': None, 'freq_choices': (2.0, 4.0, 6.0), 'gate_enabled': True, 'n_gates': 5, 'finish_x_choices': (-2.5, -3.5, -4.5), 'gate_opening_width': 1.0, 'post_gate_distance': 1.5})
======================================================================
(15_w,30)-aCMA-ES (mu_w=8.6,w_1=20%) in dimension 920 (seed=625018, Sat Sep  5 00:04:15 2026)
✅ Gen 001/100 | Best Loss (neg eff): -110.0087 | 8.7s
✅ Gen 002/100 | Best Loss (neg eff): -120.5834 | 9.1s
✅ Gen 003/100 | Best Loss (neg eff): -109.9695 | 8.7s
✅ Gen 004/100 | Best Loss (neg eff): -123.9460 | 13.1s
✅ Gen 005/100 | Best Loss (neg eff): -119.4348 | 10.0s
✅ Gen 006/100 | Best Loss (neg eff): -110.1475 | 8.2s
✅ Gen 007/100 | Best Loss (neg eff): -114.9751 | 7.8s
✅ Gen 008/100 | Best Loss (neg eff): -117.8430 | 7.3s
✅ Gen 009/100 | Best Loss (neg eff): -123.6460 | 12.8s
✅ Gen 010/100 | Best Loss (neg eff): -121.0019 | 7.9s
✅ Gen 011/100 | Best Loss (neg eff): -119.3193 | 7.8s
✅ Gen 012/100 | Best Loss (neg eff): -133.0567 | 7.7s
✅ Gen 013/100 | Best Loss (neg eff): -131.5115 | 12.4s
✅ Gen 014/100 | Best Loss (neg eff): -124.7819 | 8.8s
✅ Gen 015/100 | Best Loss (neg eff): -123.7719 | 7.6s
✅ Gen 016/100 | Best Loss (neg eff): -116.3778 | 8.4s
✅ Gen 017/100 | Best Loss (neg eff): -120.2402 | 8.8s
✅ Gen 018/100 | Best Loss (neg eff): -136.0952 | 9.0s
✅ Gen 019/100 | Best Loss (neg eff): -114.2878 | 8.0s
✅ Gen 020/100 | Best Loss (neg eff): -123.8358 | 9.1s
✅ Gen 021/100 | Best Loss (neg eff): -105.6943 | 11.9s
✅ Gen 022/100 | Best Loss (neg eff): -119.8447 | 8.9s
✅ Gen 023/100 | Best Loss (neg eff): -120.9334 | 7.9s
✅ Gen 024/100 | Best Loss (neg eff): -118.6495 | 8.0s
✅ Gen 025/100 | Best Loss (neg eff): -122.0171 | 7.9s
✅ Gen 026/100 | Best Loss (neg eff): -127.2775 | 9.8s
✅ Gen 027/100 | Best Loss (neg eff): -125.4855 | 10.4s
✅ Gen 028/100 | Best Loss (neg eff): -126.3990 | 7.0s
✅ Gen 029/100 | Best Loss (neg eff): -122.3717 | 7.3s
✅ Gen 030/100 | Best Loss (neg eff): -110.0004 | 8.1s
✅ Gen 031/100 | Best Loss (neg eff): -125.7495 | 8.8s
✅ Gen 032/100 | Best Loss (neg eff): -126.2810 | 8.5s
✅ Gen 033/100 | Best Loss (neg eff): -130.2646 | 7.4s
✅ Gen 034/100 | Best Loss (neg eff): -115.1526 | 6.9s
✅ Gen 035/100 | Best Loss (neg eff): -126.4448 | 7.4s
✅ Gen 036/100 | Best Loss (neg eff): -125.6724 | 10.4s
✅ Gen 037/100 | Best Loss (neg eff): -118.6819 | 10.2s
✅ Gen 038/100 | Best Loss (neg eff): -114.5707 | 7.7s
✅ Gen 039/100 | Best Loss (neg eff): -130.5361 | 7.5s
✅ Gen 040/100 | Best Loss (neg eff): -122.2295 | 7.1s
✅ Gen 041/100 | Best Loss (neg eff): -123.9752 | 11.2s
✅ Gen 042/100 | Best Loss (neg eff): -118.1338 | 9.1s
✅ Gen 043/100 | Best Loss (neg eff): -118.8186 | 8.4s
✅ Gen 044/100 | Best Loss (neg eff): -116.8716 | 8.2s
✅ Gen 045/100 | Best Loss (neg eff): -122.6139 | 7.8s
✅ Gen 046/100 | Best Loss (neg eff): -117.4395 | 10.9s
✅ Gen 047/100 | Best Loss (neg eff): -130.7970 | 9.9s
✅ Gen 048/100 | Best Loss (neg eff): -122.2250 | 8.0s
✅ Gen 049/100 | Best Loss (neg eff): -117.4443 | 6.8s
✅ Gen 050/100 | Best Loss (neg eff): -118.4132 | 7.1s
✅ Gen 051/100 | Best Loss (neg eff): -126.3509 | 8.5s
✅ Gen 052/100 | Best Loss (neg eff): -130.7942 | 9.7s
✅ Gen 053/100 | Best Loss (neg eff): -122.5554 | 7.4s
✅ Gen 054/100 | Best Loss (neg eff): -121.1115 | 6.5s
✅ Gen 055/100 | Best Loss (neg eff): -117.7307 | 7.4s
✅ Gen 056/100 | Best Loss (neg eff): -124.3175 | 6.9s
✅ Gen 057/100 | Best Loss (neg eff): -131.6844 | 10.3s
✅ Gen 058/100 | Best Loss (neg eff): -131.3773 | 8.6s
✅ Gen 059/100 | Best Loss (neg eff): -136.2400 | 7.1s
✅ Gen 060/100 | Best Loss (neg eff): -127.1464 | 6.9s
✅ Gen 061/100 | Best Loss (neg eff): -118.9729 | 7.4s
✅ Gen 062/100 | Best Loss (neg eff): -131.6309 | 8.0s
✅ Gen 063/100 | Best Loss (neg eff): -124.6925 | 9.9s
✅ Gen 064/100 | Best Loss (neg eff): -125.5702 | 9.0s
✅ Gen 065/100 | Best Loss (neg eff): -118.9682 | 6.7s
✅ Gen 066/100 | Best Loss (neg eff): -125.1555 | 6.9s
✅ Gen 067/100 | Best Loss (neg eff): -123.0534 | 8.3s
✅ Gen 068/100 | Best Loss (neg eff): -125.8814 | 7.8s
✅ Gen 069/100 | Best Loss (neg eff): -128.7280 | 6.9s
✅ Gen 070/100 | Best Loss (neg eff): -129.1050 | 7.5s
✅ Gen 071/100 | Best Loss (neg eff): -119.9125 | 7.3s
✅ Gen 072/100 | Best Loss (neg eff): -114.6768 | 9.7s
✅ Gen 073/100 | Best Loss (neg eff): -128.3690 | 10.4s
✅ Gen 074/100 | Best Loss (neg eff): -121.0826 | 6.4s
✅ Gen 075/100 | Best Loss (neg eff): -120.6568 | 7.2s
✅ Gen 076/100 | Best Loss (neg eff): -127.3722 | 6.9s
✅ Gen 077/100 | Best Loss (neg eff): -129.2565 | 7.0s
✅ Gen 078/100 | Best Loss (neg eff): -135.6029 | 8.6s
✅ Gen 079/100 | Best Loss (neg eff): -124.2859 | 11.4s
✅ Gen 080/100 | Best Loss (neg eff): -134.3071 | 7.3s
✅ Gen 081/100 | Best Loss (neg eff): -116.8886 | 6.9s
✅ Gen 082/100 | Best Loss (neg eff): -125.6470 | 6.2s
✅ Gen 083/100 | Best Loss (neg eff): -130.1271 | 6.1s
✅ Gen 084/100 | Best Loss (neg eff): -124.5433 | 6.9s
✅ Gen 085/100 | Best Loss (neg eff): -123.1899 | 9.1s
✅ Gen 086/100 | Best Loss (neg eff): -127.3321 | 7.0s
✅ Gen 087/100 | Best Loss (neg eff): -127.1866 | 6.2s
✅ Gen 088/100 | Best Loss (neg eff): -133.8182 | 7.0s
✅ Gen 089/100 | Best Loss (neg eff): -123.6921 | 7.1s
✅ Gen 090/100 | Best Loss (neg eff): -126.8235 | 7.6s
✅ Gen 091/100 | Best Loss (neg eff): -130.6411 | 8.4s
✅ Gen 092/100 | Best Loss (neg eff): -127.6123 | 6.5s
✅ Gen 093/100 | Best Loss (neg eff): -139.5221 | 7.6s
✅ Gen 094/100 | Best Loss (neg eff): -121.0647 | 8.4s
✅ Gen 095/100 | Best Loss (neg eff): -131.4537 | 9.0s
✅ Gen 096/100 | Best Loss (neg eff): -125.7109 | 5.5s
✅ Gen 097/100 | Best Loss (neg eff): -127.0284 | 6.5s
✅ Gen 098/100 | Best Loss (neg eff): -126.8050 | 5.7s
✅ Gen 099/100 | Best Loss (neg eff): -122.1034 | 5.6s
✅ Gen 100/100 | Best Loss (neg eff): -127.7487 | 14.0s
   (stage wall-clock: 824.8s)
💾 Stage 'gate_passing' complete. Best efficiency: 139.5221. Saved hebbian_gate_passing_best.npy

🎉 Staged training complete. Results in 'hebbian_results_gate/sweep_n_gates_5/'.
=== SWEEP RUN DONE: n_gates_5 ===
Sa 5. Sep 00:18:00 CEST 2026
=== FULL SWEEP DONE ===
Sa 5. Sep 00:18:00 CEST 2026
